Archive member included to satisfy reference by file (symbol)

/home/yuki/devkitPro/libctru/lib/libcitro3d.a(attribs.o)
                              main.o (AttrInfo_Init)
/home/yuki/devkitPro/libctru/lib/libcitro3d.a(base.o)
                              /home/yuki/devkitPro/libctru/lib/libcitro3d.a(attribs.o) (__C3D_Context)
/home/yuki/devkitPro/libctru/lib/libcitro3d.a(buffers.o)
                              main.o (BufInfo_Init)
/home/yuki/devkitPro/libctru/lib/libcitro3d.a(drawArrays.o)
                              main.o (C3D_DrawArrays)
/home/yuki/devkitPro/libctru/lib/libcitro3d.a(drawElements.o)
                              model.o (C3D_DrawElements)
/home/yuki/devkitPro/libctru/lib/libcitro3d.a(effect.o)
                              /home/yuki/devkitPro/libctru/lib/libcitro3d.a(base.o) (C3D_DepthMap)
/home/yuki/devkitPro/libctru/lib/libcitro3d.a(immediate.o)
                              /home/yuki/devkitPro/libctru/lib/libcitro3d.a(base.o) (C3D_ImmSendAttrib)
/home/yuki/devkitPro/libctru/lib/libcitro3d.a(renderbuffer.o)
                              main.o (C3D_RenderBufInit)
/home/yuki/devkitPro/libctru/lib/libcitro3d.a(texenv.o)
                              /home/yuki/devkitPro/libctru/lib/libcitro3d.a(base.o) (TexEnv_Init)
/home/yuki/devkitPro/libctru/lib/libcitro3d.a(texture.o)
                              model.o (C3D_TexInit)
/home/yuki/devkitPro/libctru/lib/libcitro3d.a(uniforms.o)
                              /home/yuki/devkitPro/libctru/lib/libcitro3d.a(base.o) (C3D_UpdateUniforms)
/home/yuki/devkitPro/libctru/lib/libctru.a(linear.o)
                              main.o (linearAlloc)
/home/yuki/devkitPro/libctru/lib/libctru.a(mem_pool.o)
                              /home/yuki/devkitPro/libctru/lib/libctru.a(linear.o) (MemPool::Allocate(MemChunk&, unsigned long, int))
/home/yuki/devkitPro/libctru/lib/libctru.a(vram.o)
                              /home/yuki/devkitPro/libctru/lib/libcitro3d.a(texture.o) (vramAlloc)
/home/yuki/devkitPro/libctru/lib/libctru.a(gfx.o)
                              main.o (gfxInitDefault)
/home/yuki/devkitPro/libctru/lib/libctru.a(os.o)
                              /home/yuki/devkitPro/libctru/lib/libcitro3d.a(base.o) (osConvertVirtToPhys)
/home/yuki/devkitPro/libctru/lib/libctru.a(romfs_dev.o)
                              main.o (romfsInit)
/home/yuki/devkitPro/libctru/lib/libctru.a(gpu.o)
                              /home/yuki/devkitPro/libctru/lib/libcitro3d.a(base.o) (GPUCMD_SetBuffer)
/home/yuki/devkitPro/libctru/lib/libctru.a(gx.o)
                              /home/yuki/devkitPro/libctru/lib/libctru.a(gfx.o) (gxCmdBuf)
/home/yuki/devkitPro/libctru/lib/libctru.a(shaderProgram.o)
                              main.o (shaderInstanceGetUniformLocation)
/home/yuki/devkitPro/libctru/lib/libctru.a(shbin.o)
                              main.o (DVLB_Free)
/home/yuki/devkitPro/libctru/lib/libctru.a(apt.o)
                              /home/yuki/devkitPro/libctru/lib/libcitro3d.a(base.o) (aptHook)
/home/yuki/devkitPro/libctru/lib/libctru.a(csnd.o)
                              main.o (csndInit)
/home/yuki/devkitPro/libctru/lib/libctru.a(fs.o)
                              /home/yuki/devkitPro/libctru/lib/libctru.a(romfs_dev.o) (FSUSER_OpenFileDirectly)
/home/yuki/devkitPro/libctru/lib/libctru.a(gspgpu.o)
                              /home/yuki/devkitPro/libctru/lib/libctru.a(gfx.o) (gspInit)
/home/yuki/devkitPro/libctru/lib/libctru.a(hid.o)
                              main.o (hidScanInput)
/home/yuki/devkitPro/libctru/lib/libctru.a(irrst.o)
                              /home/yuki/devkitPro/libctru/lib/libctru.a(hid.o) (irrstScanInput)
/home/yuki/devkitPro/libctru/lib/libctru.a(ptmsysm.o)
                              /home/yuki/devkitPro/libctru/lib/libctru.a(os.o) (ptmSysmInit)
/home/yuki/devkitPro/libctru/lib/libctru.a(soc_bind.o)
                              client.o (bind)
/home/yuki/devkitPro/libctru/lib/libctru.a(soc_closesocket.o)
                              client.o (closesocket)
/home/yuki/devkitPro/libctru/lib/libctru.a(soc_common.o)
                              /home/yuki/devkitPro/libctru/lib/libctru.a(soc_bind.o) (_net_convert_error)
/home/yuki/devkitPro/libctru/lib/libctru.a(soc_fcntl.o)
                              client.o (fcntl)
/home/yuki/devkitPro/libctru/lib/libctru.a(soc_inet_addr.o)
                              client.o (inet_addr)
/home/yuki/devkitPro/libctru/lib/libctru.a(soc_inet_aton.o)
                              /home/yuki/devkitPro/libctru/lib/libctru.a(soc_inet_addr.o) (inet_aton)
/home/yuki/devkitPro/libctru/lib/libctru.a(soc_init.o)
                              client.o (socInit)
/home/yuki/devkitPro/libctru/lib/libctru.a(soc_recvfrom.o)
                              /home/yuki/devkitPro/libctru/lib/libctru.a(soc_init.o) (soc_recvfrom)
/home/yuki/devkitPro/libctru/lib/libctru.a(soc_sendto.o)
                              /home/yuki/devkitPro/libctru/lib/libctru.a(soc_init.o) (soc_sendto)
[...]
Memory Configuration

Name             Origin             Length             Attributes
*default*        0x0000000000000000 0xffffffffffffffff

Linker script and memory map

                0x0000000000100000                . = 0x100000
                0x0000000000100000                __start__ = .

.text           0x0000000000100000    0x13470
 *(.crt0)
 .crt0          0x0000000000100000       0x94 /home/yuki/devkitPro/devkitARM/bin/../lib/gcc/arm-none-eabi/5.3.0/../../../../arm-none-eabi/lib/armv6k/fpu/3dsx_crt0.o
                0x0000000000100000                _start
                0x0000000000100008                __service_ptr
                0x000000000010000c                __apt_appid
                0x0000000000100010                __heap_size
                0x0000000000100014                __linear_heap_size
                0x0000000000100018                __system_arglist
                0x000000000010001c                __system_runflags
 *(.init)
 .init          0x0000000000100094        0xc /home/yuki/devkitPro/devkitARM/bin/../lib/gcc/arm-none-eabi/5.3.0/armv6k/fpu/crti.o
                0x0000000000100094                _init
 .init          0x00000000001000a0        0xc /home/yuki/devkitPro/devkitARM/bin/../lib/gcc/arm-none-eabi/5.3.0/armv6k/fpu/crtn.o
                0x00000000001000ac                . = ALIGN (0x4)
 *(.text)
 .text          0x00000000001000ac      0x108 /home/yuki/devkitPro/devkitARM/bin/../lib/gcc/arm-none-eabi/5.3.0/armv6k/fpu/crtbegin.o
 .text          0x00000000001001b4       0x64 /home/yuki/devkitPro/libctru/lib/libctru.a(stack_adjust.o)
                0x00000000001001b4                initSystem
                0x00000000001001f8                __ctru_exit
 .text          0x0000000000100218      0x20c /home/yuki/devkitPro/devkitARM/bin/../lib/gcc/arm-none-eabi/5.3.0/armv6k/fpu/libgcc.a(_udivsi3.o)
                0x0000000000100218                __udivsi3
                0x0000000000100218                __aeabi_uidiv
                0x0000000000100404                __aeabi_uidivmod
 .text          0x0000000000100424        0x4 /home/yuki/devkitPro/devkitARM/bin/../lib/gcc/arm-none-eabi/5.3.0/armv6k/fpu/libgcc.a(_dvmd_tls.o)
                0x0000000000100424                __aeabi_ldiv0
                0x0000000000100424                __aeabi_idiv0
 .text          0x0000000000100428      0x250 /home/yuki/devkitPro/devkitARM/bin/../lib/gcc/arm-none-eabi/5.3.0/armv6k/fpu/libgcc.a(_arm_addsubsf3.o)
                0x0000000000100428                __aeabi_frsub
                0x0000000000100430                __subsf3
                0x0000000000100430                __aeabi_fsub
                0x0000000000100434                __aeabi_fadd
                0x0000000000100434                __addsf3
                0x00000000001005c4                __aeabi_ui2f
                0x00000000001005c4                __floatunsisf
                0x00000000001005cc                __aeabi_i2f
                0x00000000001005cc                __floatsisf
                0x00000000001005ec                __floatundisf
                0x00000000001005ec                __aeabi_ul2f
                0x00000000001005fc                __floatdisf
                0x00000000001005fc                __aeabi_l2f
 *fill*         0x0000000000100678        0x8 
 .text          0x0000000000100680      0x3a0 /home/yuki/devkitPro/devkitARM/bin/../lib/gcc/arm-none-eabi/5.3.0/../../../../arm-none-eabi/lib/armv6k/fpu/libg.a(lib_a-strcmp.o)
                0x0000000000100688                strcmp
 .text          0x0000000000100a20      0x1c4 /home/yuki/devkitPro/devkitARM/bin/../lib/gcc/arm-none-eabi/5.3.0/../../../../arm-none-eabi/lib/armv6k/fpu/libsysbase.a(iosupport.o)
                0x0000000000100a28                setDefaultDevice
                0x0000000000100a40                FindDevice
                0x0000000000100afc                RemoveDevice
                0x0000000000100b28                AddDevice
                0x0000000000100bc0                GetDeviceOpTab
 .text          0x0000000000100be4       0x7c /home/yuki/devkitPro/devkitARM/bin/../lib/gcc/arm-none-eabi/5.3.0/../../../../arm-none-eabi/lib/armv6k/fpu/libsysbase.a(close.o)
                0x0000000000100be4                _close_r
 .text          0x0000000000100c60       0x6c /home/yuki/devkitPro/devkitARM/bin/../lib/gcc/arm-none-eabi/5.3.0/../../../../arm-none-eabi/lib/armv6k/fpu/libsysbase.a(fstat.o)
                0x0000000000100c60                _fstat_r
 .text          0x0000000000100ccc        0x8 /home/yuki/devkitPro/devkitARM/bin/../lib/gcc/arm-none-eabi/5.3.0/../../../../arm-none-eabi/lib/armv6k/fpu/libsysbase.a(isatty.o)
                0x0000000000100ccc                _isatty_r
 .text          0x0000000000100cd4       0x78 /home/yuki/devkitPro/devkitARM/bin/../lib/gcc/arm-none-eabi/5.3.0/../../../../arm-none-eabi/lib/armv6k/fpu/libsysbase.a(lseek.o)
                0x0000000000100cd4                _lseek_r
 .text          0x0000000000100d4c       0xc8 /home/yuki/devkitPro/devkitARM/bin/../lib/gcc/arm-none-eabi/5.3.0/../../../../arm-none-eabi/lib/armv6k/fpu/libsysbase.a(open.o)
                0x0000000000100d4c                _open_r
 .text          0x0000000000100e14       0x78 /home/yuki/devkitPro/devkitARM/bin/../lib/gcc/arm-none-eabi/5.3.0/../../../../arm-none-eabi/lib/armv6k/fpu/libsysbase.a(read.o)
                0x0000000000100e14                _read_r
 .text          0x0000000000100e8c       0x70 /home/yuki/devkitPro/devkitARM/bin/../lib/gcc/arm-none-eabi/5.3.0/../../../../arm-none-eabi/lib/armv6k/fpu/libsysbase.a(sbrk.o)
                0x0000000000100e8c                _sbrk_r
 .text          0x0000000000100efc       0x78 /home/yuki/devkitPro/devkitARM/bin/../lib/gcc/arm-none-eabi/5.3.0/../../../../arm-none-eabi/lib/armv6k/fpu/libsysbase.a(write.o)
                0x0000000000100efc                _write_r
 .text          0x0000000000100f74      0x3b0 /home/yuki/devkitPro/devkitARM/bin/../lib/gcc/arm-none-eabi/5.3.0/../../../../arm-none-eabi/lib/armv6k/fpu/libsysbase.a(chdir.o)
                0x0000000000100f74                _concatenate_path
                0x0000000000101130                chdir
                0x0000000000101284                getcwd
 .text          0x0000000000101324       0x10 /home/yuki/devkitPro/devkitARM/bin/../lib/gcc/arm-none-eabi/5.3.0/../../../../arm-none-eabi/lib/armv6k/fpu/libsysbase.a(flock.o)
                0x0000000000101324                __flockfile
                0x000000000010132c                __funlockfile
 .text          0x0000000000101334      0x108 /home/yuki/devkitPro/devkitARM/bin/../lib/gcc/arm-none-eabi/5.3.0/../../../../arm-none-eabi/lib/armv6k/fpu/libsysbase.a(syscall_support.o)
                0x0000000000101334                __libc_lock_init
                0x000000000010134c                __libc_lock_acquire
                0x0000000000101364                __libc_lock_try_acquire
                0x0000000000101388                __libc_lock_release
                0x00000000001013a0                __libc_lock_close
                0x00000000001013b8                __libc_lock_init_recursive
                0x00000000001013d0                __libc_lock_acquire_recursive
                0x00000000001013e8                __libc_lock_try_acquire_recursive
                0x000000000010140c                __libc_lock_release_recursive
                0x0000000000101424                __libc_lock_close_recursive
 .text          0x000000000010143c      0x2c4 /home/yuki/devkitPro/devkitARM/bin/../lib/gcc/arm-none-eabi/5.3.0/../../../../arm-none-eabi/lib/armv6k/fpu/libsysbase.a(handle_manager.o)
                0x000000000010143c                __free_handle
                0x0000000000101480                __release_handle
                0x00000000001014bc                __alloc_handle
                0x0000000000101534                __get_handle
                0x0000000000101550                dup
                0x00000000001015f4                dup2
 .text          0x0000000000101700       0x28 /home/yuki/devkitPro/devkitARM/bin/../lib/gcc/arm-none-eabi/5.3.0/../../../../arm-none-eabi/lib/armv6k/fpu/libsysbase.a(getreent.o)
                0x0000000000101700                __getreent
 *(.text.*)
 .text.Huffman_Construct
                0x0000000000101728       0xc8 deflate.o
 .text.BitStream_GetBits
                0x00000000001017f0       0x5c deflate.o
 .text.Decode   0x000000000010184c       0x74 deflate.o
 .text.Deflate_Read
                0x00000000001018c0      0x308 deflate.o
                0x00000000001018c0                Deflate_Read
 .text.Client_SendServer
                0x0000000000101bc8       0x50 client.o
                0x0000000000101bc8                Client_SendServer
 .text.Client_Start
                0x0000000000101c18      0x1c4 client.o
                0x0000000000101c18                Client_Start
 .text.Client_Close
                0x0000000000101ddc       0x70 client.o
                0x0000000000101ddc                Client_Close
 .text.Client_Recv
                0x0000000000101e4c       0x98 client.o
                0x0000000000101e4c                Client_Recv
 .text.Client_GetErrorMessage
                0x0000000000101ee4        0xc client.o
                0x0000000000101ee4                Client_GetErrorMessage
 .text.Client_KeepAlive
                0x0000000000101ef0       0x68 client.o
                0x0000000000101ef0                Client_KeepAlive
 .text.Shader_Create
                0x0000000000101f58       0x70 main.o
 .text.Flush    0x0000000000101fc8       0x2c main.o
 .text.BindShader
                0x0000000000101ff4       0x18 main.o
                0x0000000000101ff4                BindShader
 .text.DrawRect
                0x000000000010200c       0x70 main.o
                0x000000000010200c                DrawRect
 .text.GetCurrTime
                0x000000000010207c       0x10 main.o
                0x000000000010207c                GetCurrTime
 .text.startup.main
                0x000000000010208c      0x46c main.o
                0x000000000010208c                main
 .text.Text_Close
                0x00000000001024f8       0x20 text.o
                0x00000000001024f8                Text_Close
 .text.Text_Init
                0x0000000000102518       0x6c text.o
                0x0000000000102518                Text_Init
 .text.Text_Draw
                0x0000000000102584      0x2ec text.o
                0x0000000000102584                Text_Draw
 .text.Text_Clear
                0x0000000000102870       0x14 text.o
                0x0000000000102870                Text_Clear
 .text.Utils_SetUniformMatrix
                0x0000000000102884       0x3c utils.o
                0x0000000000102884                Utils_SetUniformMatrix
 .text.Utils_LoadImage
                0x00000000001028c0       0xac utils.o
                0x00000000001028c0                Utils_LoadImage
 .text.Utils_Vertex22Rect
                0x000000000010296c       0x7c utils.o
                0x000000000010296c                Utils_Vertex22Rect
 .text.Math_MatrixMatrixMult
                0x00000000001029e8      0x214 math.o
                0x00000000001029e8                Math_MatrixMatrixMult
 .text.Math_RotateMatrix
                0x0000000000102bfc      0x104 math.o
                0x0000000000102bfc                Math_RotateMatrix
 .text.Math_Perspective
                0x0000000000102d00      0x138 math.o
                0x0000000000102d00                Math_Perspective
 .text.Math_Ortho
                0x0000000000102e38       0xec math.o
                0x0000000000102e38                Math_Ortho
 .text.Memory_Init
                0x0000000000102f24       0x44 memory.o
                0x0000000000102f24                Memory_Init
 .text.Memory_Close
                0x0000000000102f68       0x10 memory.o
                0x0000000000102f68                Memory_Close
 .text.Memory_StackPop
                0x0000000000102f78       0xa4 memory.o
                0x0000000000102f78                Memory_StackPop
 .text.Memory_StackAlloc
                0x000000000010301c       0x50 memory.o
                0x000000000010301c                Memory_StackAlloc
 .text.Memory_GetStack
                0x000000000010306c       0x18 memory.o
                0x000000000010306c                Memory_GetStack
 .text.Memory_SetStack
                0x0000000000103084       0x18 memory.o
                0x0000000000103084                Memory_SetStack
 .text.Sound_Load
                0x000000000010309c       0x64 sound.o
                0x000000000010309c                Sound_Load
 .text.Sound_Close
                0x0000000000103100        0xc sound.o
                0x0000000000103100                Sound_Close
 .text.Sound_Play
                0x000000000010310c       0x58 sound.o
                0x000000000010310c                Sound_Play
 .text.Close    0x0000000000103164       0x30 main_menu.o
 .text.RenderTop
                0x0000000000103194      0x100 main_menu.o
 .text.RenderBottom
                0x0000000000103294       0xc4 main_menu.o
 .text.Update   0x0000000000103358       0xa4 main_menu.o
 .text.MainMenu_Init
                0x00000000001033fc      0x114 main_menu.o
                0x00000000001033fc                MainMenu_Init
 .text.AttrInfo_Init
                0x0000000000103510       0x28 /home/yuki/devkitPro/libctru/lib/libcitro3d.a(attribs.o)
                0x0000000000103510                AttrInfo_Init
 .text.AttrInfo_AddLoader
                0x0000000000103538       0xa4 /home/yuki/devkitPro/libctru/lib/libcitro3d.a(attribs.o)
                0x0000000000103538                AttrInfo_AddLoader
 .text.C3D_SetAttrInfo
                0x00000000001035dc       0x54 /home/yuki/devkitPro/libctru/lib/libcitro3d.a(attribs.o)
                0x00000000001035dc                C3D_SetAttrInfo
 .text.C3Di_AttrInfoBind
                0x0000000000103630       0x80 /home/yuki/devkitPro/libctru/lib/libcitro3d.a(attribs.o)
                0x0000000000103630                C3Di_AttrInfoBind
 .text.C3Di_AptEventHook
                0x00000000001036b0       0x68 /home/yuki/devkitPro/libctru/lib/libcitro3d.a(base.o)
 .text.C3D_Init
                0x0000000000103718      0x14c /home/yuki/devkitPro/libctru/lib/libcitro3d.a(base.o)
                0x0000000000103718                C3D_Init
 .text.C3D_SetViewport
                0x0000000000103864       0x98 /home/yuki/devkitPro/libctru/lib/libcitro3d.a(base.o)
                0x0000000000103864                C3D_SetViewport
 .text.C3Di_UpdateContext
                0x00000000001038fc      0x564 /home/yuki/devkitPro/libctru/lib/libcitro3d.a(base.o)
                0x00000000001038fc                C3Di_UpdateContext
 .text.C3D_FlushAsync
                0x0000000000103e60       0x98 /home/yuki/devkitPro/libctru/lib/libcitro3d.a(base.o)
                0x0000000000103e60                C3D_FlushAsync
 .text.C3D_Fini
                0x0000000000103ef8       0x38 /home/yuki/devkitPro/libctru/lib/libcitro3d.a(base.o)
                0x0000000000103ef8                C3D_Fini
 .text.C3D_BindProgram
                0x0000000000103f30       0xd4 /home/yuki/devkitPro/libctru/lib/libcitro3d.a(base.o)
                0x0000000000103f30                C3D_BindProgram
 .text.BufInfo_Init
                0x0000000000104004       0x20 /home/yuki/devkitPro/libctru/lib/libcitro3d.a(buffers.o)
                0x0000000000104004                BufInfo_Init
 .text.BufInfo_Add
                0x0000000000104024       0x84 /home/yuki/devkitPro/libctru/lib/libcitro3d.a(buffers.o)
                0x0000000000104024                BufInfo_Add
 .text.C3D_SetBufInfo
                0x00000000001040a8       0x40 /home/yuki/devkitPro/libctru/lib/libcitro3d.a(buffers.o)
                0x00000000001040a8                C3D_SetBufInfo
 .text.C3Di_BufInfoBind
                0x00000000001040e8       0x48 /home/yuki/devkitPro/libctru/lib/libcitro3d.a(buffers.o)
                0x00000000001040e8                C3Di_BufInfoBind
 .text.C3D_DrawArrays
                0x0000000000104130      0x148 /home/yuki/devkitPro/libctru/lib/libcitro3d.a(drawArrays.o)
                0x0000000000104130                C3D_DrawArrays
 .text.C3D_DepthMap
                0x0000000000104278       0x3c /home/yuki/devkitPro/libctru/lib/libcitro3d.a(effect.o)
                0x0000000000104278                C3D_DepthMap
 .text.C3D_CullFace
                0x00000000001042b4       0x1c /home/yuki/devkitPro/libctru/lib/libcitro3d.a(effect.o)
                0x00000000001042b4                C3D_CullFace
 .text.C3D_StencilTest
                0x00000000001042d0       0x3c /home/yuki/devkitPro/libctru/lib/libcitro3d.a(effect.o)
                0x00000000001042d0                C3D_StencilTest
 .text.C3D_StencilOp
                0x000000000010430c       0x24 /home/yuki/devkitPro/libctru/lib/libcitro3d.a(effect.o)
                0x000000000010430c                C3D_StencilOp
 .text.C3D_BlendingColor
                0x0000000000104330       0x1c /home/yuki/devkitPro/libctru/lib/libcitro3d.a(effect.o)
                0x0000000000104330                C3D_BlendingColor
 .text.C3D_DepthTest
                0x000000000010434c       0x28 /home/yuki/devkitPro/libctru/lib/libcitro3d.a(effect.o)
                0x000000000010434c                C3D_DepthTest
 .text.C3D_AlphaTest
                0x0000000000104374       0x28 /home/yuki/devkitPro/libctru/lib/libcitro3d.a(effect.o)
                0x0000000000104374                C3D_AlphaTest
 .text.C3D_AlphaBlend
                0x000000000010439c       0x50 /home/yuki/devkitPro/libctru/lib/libcitro3d.a(effect.o)
                0x000000000010439c                C3D_AlphaBlend
 .text.C3D_FragOpMode
                0x00000000001043ec       0x30 /home/yuki/devkitPro/libctru/lib/libcitro3d.a(effect.o)
                0x00000000001043ec                C3D_FragOpMode
 .text.C3Di_EffectBind
                0x000000000010441c      0x11c /home/yuki/devkitPro/libctru/lib/libcitro3d.a(effect.o)
                0x000000000010441c                C3Di_EffectBind
 .text.C3D_ImmSendAttrib
                0x0000000000104538       0xb4 /home/yuki/devkitPro/libctru/lib/libcitro3d.a(immediate.o)
                0x0000000000104538                C3D_ImmSendAttrib
 .text.C3D_RenderBufInit
                0x00000000001045ec       0xa4 /home/yuki/devkitPro/libctru/lib/libcitro3d.a(renderbuffer.o)
                0x00000000001045ec                C3D_RenderBufInit
 .text.C3D_RenderBufClearAsync
                0x0000000000104690       0x80 /home/yuki/devkitPro/libctru/lib/libcitro3d.a(renderbuffer.o)
                0x0000000000104690                C3D_RenderBufClearAsync
 .text.C3D_RenderBufTransferAsync
                0x0000000000104710       0x28 /home/yuki/devkitPro/libctru/lib/libcitro3d.a(renderbuffer.o)
                0x0000000000104710                C3D_RenderBufTransferAsync
 .text.C3D_RenderBufBind
                0x0000000000104738       0x38 /home/yuki/devkitPro/libctru/lib/libcitro3d.a(renderbuffer.o)
                0x0000000000104738                C3D_RenderBufBind
 .text.C3Di_RenderBufBind
                0x0000000000104770      0x168 /home/yuki/devkitPro/libctru/lib/libcitro3d.a(renderbuffer.o)
                0x0000000000104770                C3Di_RenderBufBind
 .text.TexEnv_Init
                0x00000000001048d8       0x34 /home/yuki/devkitPro/libctru/lib/libcitro3d.a(texenv.o)
                0x00000000001048d8                TexEnv_Init
 .text.C3D_GetTexEnv
                0x000000000010490c       0x34 /home/yuki/devkitPro/libctru/lib/libcitro3d.a(texenv.o)
                0x000000000010490c                C3D_GetTexEnv
 .text.C3Di_TexEnvBind
                0x0000000000104940       0x24 /home/yuki/devkitPro/libctru/lib/libcitro3d.a(texenv.o)
                0x0000000000104940                C3Di_TexEnvBind
 .text.C3D_TexInit
                0x0000000000104964       0xa0 /home/yuki/devkitPro/libctru/lib/libcitro3d.a(texture.o)
                0x0000000000104964                C3D_TexInit
 .text.C3D_TexInitVRAM
                0x0000000000104a04       0xa0 /home/yuki/devkitPro/libctru/lib/libcitro3d.a(texture.o)
                0x0000000000104a04                C3D_TexInitVRAM
 .text.C3D_TexSetFilter
                0x0000000000104aa4       0x24 /home/yuki/devkitPro/libctru/lib/libcitro3d.a(texture.o)
                0x0000000000104aa4                C3D_TexSetFilter
 .text.C3D_TexSetWrap
                0x0000000000104ac8       0x24 /home/yuki/devkitPro/libctru/lib/libcitro3d.a(texture.o)
                0x0000000000104ac8                C3D_TexSetWrap
 .text.C3D_TexBind
                0x0000000000104aec       0x34 /home/yuki/devkitPro/libctru/lib/libcitro3d.a(texture.o)
                0x0000000000104aec                C3D_TexBind
 .text.C3D_TexDelete
                0x0000000000104b20       0x3c /home/yuki/devkitPro/libctru/lib/libcitro3d.a(texture.o)
                0x0000000000104b20                C3D_TexDelete
 .text.C3D_UpdateUniforms
                0x0000000000104b5c      0x2a8 /home/yuki/devkitPro/libctru/lib/libcitro3d.a(uniforms.o)
                0x0000000000104b5c                C3D_UpdateUniforms
 .text.C3Di_DirtyUniforms
                0x0000000000104e04       0xc0 /home/yuki/devkitPro/libctru/lib/libcitro3d.a(uniforms.o)
                0x0000000000104e04                C3Di_DirtyUniforms
 .text.C3Di_LoadShaderUniforms
                0x0000000000104ec4       0xd4 /home/yuki/devkitPro/libctru/lib/libcitro3d.a(uniforms.o)
                0x0000000000104ec4                C3Di_LoadShaderUniforms
 .text.C3Di_ClearShaderUniforms
                0x0000000000104f98       0x28 /home/yuki/devkitPro/libctru/lib/libcitro3d.a(uniforms.o)
                0x0000000000104f98                C3Di_ClearShaderUniforms
 .text._ZL21addrMapNodeComparatorPK11rbtree_nodeS1_
                0x0000000000104fc0       0x24 /home/yuki/devkitPro/libctru/lib/libctru.a(linear.o)
 .text._ZL21addrMapNodeDestructorP11rbtree_node
                0x0000000000104fe4        0x4 /home/yuki/devkitPro/libctru/lib/libctru.a(linear.o)
 .text.linearMemAlign
                0x0000000000104fe8      0x140 /home/yuki/devkitPro/libctru/lib/libctru.a(linear.o)
                0x0000000000104fe8                linearMemAlign
 .text.linearAlloc
                0x0000000000105128        0x8 /home/yuki/devkitPro/libctru/lib/libctru.a(linear.o)
                0x0000000000105128                linearAlloc
 .text.linearFree
                0x0000000000105130       0x50 /home/yuki/devkitPro/libctru/lib/libctru.a(linear.o)
                0x0000000000105130                linearFree
 .text._ZN7MemPool13CoalesceRightEP8MemBlock
                0x0000000000105180       0xa0 /home/yuki/devkitPro/libctru/lib/libctru.a(mem_pool.o)
                0x0000000000105180                MemPool::CoalesceRight(MemBlock*)
 .text._ZN7MemPool8AllocateER8MemChunkmi
                0x0000000000105220      0x18c /home/yuki/devkitPro/libctru/lib/libctru.a(mem_pool.o)
                0x0000000000105220                MemPool::Allocate(MemChunk&, unsigned long, int)
 .text._ZN7MemPool10DeallocateERK8MemChunk
                0x00000000001053ac      0x104 /home/yuki/devkitPro/libctru/lib/libctru.a(mem_pool.o)
                0x00000000001053ac                MemPool::Deallocate(MemChunk const&)
 .text._ZL21addrMapNodeComparatorPK11rbtree_nodeS1_
                0x00000000001054b0       0x24 /home/yuki/devkitPro/libctru/lib/libctru.a(vram.o)
 .text._ZL21addrMapNodeDestructorP11rbtree_node
                0x00000000001054d4        0x4 /home/yuki/devkitPro/libctru/lib/libctru.a(vram.o)
 .text.vramMemAlign
                0x00000000001054d8      0x130 /home/yuki/devkitPro/libctru/lib/libctru.a(vram.o)
                0x00000000001054d8                vramMemAlign
 .text.vramAlloc
                0x0000000000105608        0x8 /home/yuki/devkitPro/libctru/lib/libctru.a(vram.o)
                0x0000000000105608                vramAlloc
 .text.vramFree
                0x0000000000105610       0x50 /home/yuki/devkitPro/libctru/lib/libctru.a(vram.o)
                0x0000000000105610                vramFree
 .text.gfxSetFramebufferInfo.part.0
                0x0000000000105660       0x8c /home/yuki/devkitPro/libctru/lib/libctru.a(gfx.o)
 .text.gfxSetFramebufferInfo
                0x00000000001056ec       0x70 /home/yuki/devkitPro/libctru/lib/libctru.a(gfx.o)
                0x00000000001056ec                gfxSetFramebufferInfo
 .text.gfxWriteFramebufferInfo
                0x000000000010575c       0xc4 /home/yuki/devkitPro/libctru/lib/libctru.a(gfx.o)
                0x000000000010575c                gfxWriteFramebufferInfo
 .text.gfxInit  0x0000000000105820      0x1d0 /home/yuki/devkitPro/libctru/lib/libctru.a(gfx.o)
                0x0000000000105820                gfxInit
 .text.gfxInitDefault
                0x00000000001059f0       0x10 /home/yuki/devkitPro/libctru/lib/libctru.a(gfx.o)
                0x00000000001059f0                gfxInitDefault
 .text.gfxExit  0x0000000000105a00       0xe0 /home/yuki/devkitPro/libctru/lib/libctru.a(gfx.o)
                0x0000000000105a00                gfxExit
 .text.gfxGetFramebuffer
                0x0000000000105ae0       0xb0 /home/yuki/devkitPro/libctru/lib/libctru.a(gfx.o)
                0x0000000000105ae0                gfxGetFramebuffer
 .text.gfxSwapBuffersGpu
                0x0000000000105b90       0x5c /home/yuki/devkitPro/libctru/lib/libctru.a(gfx.o)
                0x0000000000105b90                gfxSwapBuffersGpu
 .text.getSysTime
                0x0000000000105bec       0x58 /home/yuki/devkitPro/libctru/lib/libctru.a(os.o)
 .text.osConvertVirtToPhys
                0x0000000000105c44       0x4c /home/yuki/devkitPro/libctru/lib/libctru.a(os.o)
                0x0000000000105c44                osConvertVirtToPhys
 .text.osGetMemRegionUsed
                0x0000000000105c90       0x24 /home/yuki/devkitPro/libctru/lib/libctru.a(os.o)
                0x0000000000105c90                osGetMemRegionUsed
 *fill*         0x0000000000105cb4        0x4 
 .text.__libctru_gtod
                0x0000000000105cb8       0xf8 /home/yuki/devkitPro/libctru/lib/libctru.a(os.o)
                0x0000000000105cb8                __libctru_gtod
 .text.osGetTime
                0x0000000000105db0       0x78 /home/yuki/devkitPro/libctru/lib/libctru.a(os.o)
                0x0000000000105db0                osGetTime
 .text.__ctru_speedup_config
                0x0000000000105e28       0x34 /home/yuki/devkitPro/libctru/lib/libctru.a(os.o)
                0x0000000000105e28                __ctru_speedup_config
 .text.romfs_close
                0x0000000000105e5c        0x8 /home/yuki/devkitPro/libctru/lib/libctru.a(romfs_dev.o)
 .text.romfs_seek
                0x0000000000105e64       0x88 /home/yuki/devkitPro/libctru/lib/libctru.a(romfs_dev.o)
 .text.romfs_stat
                0x0000000000105eec       0x10 /home/yuki/devkitPro/libctru/lib/libctru.a(romfs_dev.o)
 .text.romfs_diropen
                0x0000000000105efc       0x10 /home/yuki/devkitPro/libctru/lib/libctru.a(romfs_dev.o)
 .text.romfs_dirreset
                0x0000000000105f0c       0x10 /home/yuki/devkitPro/libctru/lib/libctru.a(romfs_dev.o)
 .text.romfs_dirnext
                0x0000000000105f1c       0x10 /home/yuki/devkitPro/libctru/lib/libctru.a(romfs_dev.o)
 .text.romfs_dirclose
                0x0000000000105f2c        0x8 /home/yuki/devkitPro/libctru/lib/libctru.a(romfs_dev.o)
 .text.romfs_fstat
                0x0000000000105f34       0x40 /home/yuki/devkitPro/libctru/lib/libctru.a(romfs_dev.o)
 .text._romfs_read
                0x0000000000105f74       0x4c /home/yuki/devkitPro/libctru/lib/libctru.a(romfs_dev.o)
 .text.romfs_read
                0x0000000000105fc0       0x6c /home/yuki/devkitPro/libctru/lib/libctru.a(romfs_dev.o)
 .text.romfsInitCommon
                0x000000000010602c      0x168 /home/yuki/devkitPro/libctru/lib/libctru.a(romfs_dev.o)
 .text.navigateToDir.constprop.1
                0x0000000000106194      0x258 /home/yuki/devkitPro/libctru/lib/libctru.a(romfs_dev.o)
 .text.romfs_open
                0x00000000001063ec      0x184 /home/yuki/devkitPro/libctru/lib/libctru.a(romfs_dev.o)
 .text.romfs_chdir
                0x0000000000106570       0x4c /home/yuki/devkitPro/libctru/lib/libctru.a(romfs_dev.o)
 .text.romfsInit
                0x00000000001065bc      0x274 /home/yuki/devkitPro/libctru/lib/libctru.a(romfs_dev.o)
                0x00000000001065bc                romfsInit
 .text.romfsExit
                0x0000000000106830       0x5c /home/yuki/devkitPro/libctru/lib/libctru.a(romfs_dev.o)
                0x0000000000106830                romfsExit
 .text.GPUCMD_SetBuffer
                0x000000000010688c       0x2c /home/yuki/devkitPro/libctru/lib/libctru.a(gpu.o)
                0x000000000010688c                GPUCMD_SetBuffer
 .text.GPUCMD_FlushAndRun
                0x00000000001068b8       0x68 /home/yuki/devkitPro/libctru/lib/libctru.a(gpu.o)
                0x00000000001068b8                GPUCMD_FlushAndRun
 .text.GPUCMD_Add
                0x0000000000106920       0xe4 /home/yuki/devkitPro/libctru/lib/libctru.a(gpu.o)
                0x0000000000106920                GPUCMD_Add
 .text.GPUCMD_Finalize
                0x0000000000106a04       0x98 /home/yuki/devkitPro/libctru/lib/libctru.a(gpu.o)
                0x0000000000106a04                GPUCMD_Finalize
 .text.f32tof24
                0x0000000000106a9c       0x40 /home/yuki/devkitPro/libctru/lib/libctru.a(gpu.o)
                0x0000000000106a9c                f32tof24
 .text.f32tof31
                0x0000000000106adc       0x40 /home/yuki/devkitPro/libctru/lib/libctru.a(gpu.o)
                0x0000000000106adc                f32tof31
 .text.GX_ProcessCommandList
                0x0000000000106b1c       0x54 /home/yuki/devkitPro/libctru/lib/libctru.a(gx.o)
                0x0000000000106b1c                GX_ProcessCommandList
 .text.GX_MemoryFill
                0x0000000000106b70       0x60 /home/yuki/devkitPro/libctru/lib/libctru.a(gx.o)
                0x0000000000106b70                GX_MemoryFill
 .text.GX_DisplayTransfer
                0x0000000000106bd0       0x50 /home/yuki/devkitPro/libctru/lib/libctru.a(gx.o)
                0x0000000000106bd0                GX_DisplayTransfer
 .text.GX_FlushCacheRegions
                0x0000000000106c20       0x54 /home/yuki/devkitPro/libctru/lib/libctru.a(gx.o)
                0x0000000000106c20                GX_FlushCacheRegions
 .text.GPU_SetShaderOutmap
                0x0000000000106c74       0x48 /home/yuki/devkitPro/libctru/lib/libctru.a(shaderProgram.o)
 .text.GPU_SendShaderCode.constprop.0
                0x0000000000106cbc       0xb8 /home/yuki/devkitPro/libctru/lib/libctru.a(shaderProgram.o)
 .text.GPU_SendOperandDescriptors.constprop.1
                0x0000000000106d74       0x70 /home/yuki/devkitPro/libctru/lib/libctru.a(shaderProgram.o)
 .text.shaderInstanceInit
                0x0000000000106de4      0x23c /home/yuki/devkitPro/libctru/lib/libctru.a(shaderProgram.o)
                0x0000000000106de4                shaderInstanceInit
 .text.shaderInstanceFree
                0x0000000000107020       0x38 /home/yuki/devkitPro/libctru/lib/libctru.a(shaderProgram.o)
                0x0000000000107020                shaderInstanceFree
 .text.shaderInstanceGetUniformLocation
                0x0000000000107058       0x18 /home/yuki/devkitPro/libctru/lib/libctru.a(shaderProgram.o)
                0x0000000000107058                shaderInstanceGetUniformLocation
 .text.shaderProgramInit
                0x0000000000107070       0x18 /home/yuki/devkitPro/libctru/lib/libctru.a(shaderProgram.o)
                0x0000000000107070                shaderProgramInit
 .text.shaderProgramFree
                0x0000000000107088       0x30 /home/yuki/devkitPro/libctru/lib/libctru.a(shaderProgram.o)
                0x0000000000107088                shaderProgramFree
 .text.shaderProgramSetVsh
                0x00000000001070b8       0x6c /home/yuki/devkitPro/libctru/lib/libctru.a(shaderProgram.o)
                0x00000000001070b8                shaderProgramSetVsh
 .text.shaderProgramConfigure
                0x0000000000107124      0x340 /home/yuki/devkitPro/libctru/lib/libctru.a(shaderProgram.o)
                0x0000000000107124                shaderProgramConfigure
 .text.DVLB_Free
                0x0000000000107464       0x3c /home/yuki/devkitPro/libctru/lib/libctru.a(shbin.o)
                0x0000000000107464                DVLB_Free
 .text.DVLE_GetUniformRegister
                0x00000000001074a0       0x80 /home/yuki/devkitPro/libctru/lib/libctru.a(shbin.o)
                0x00000000001074a0                DVLE_GetUniformRegister
 .text.DVLE_GenerateOutmap
                0x0000000000107520      0x198 /home/yuki/devkitPro/libctru/lib/libctru.a(shbin.o)
                0x0000000000107520                DVLE_GenerateOutmap
 .text.DVLB_ParseFile
                0x00000000001076b8      0x198 /home/yuki/devkitPro/libctru/lib/libctru.a(shbin.o)
                0x00000000001076b8                DVLB_ParseFile
 .text.__apt_initservicehandle
                0x0000000000107850       0x68 /home/yuki/devkitPro/libctru/lib/libctru.a(apt.o)
 .text._aptDebug
                0x00000000001078b8        0x4 /home/yuki/devkitPro/libctru/lib/libctru.a(apt.o)
                0x00000000001078b8                _aptDebug
 .text.aptInitCaptureInfo
                0x00000000001078bc       0x98 /home/yuki/devkitPro/libctru/lib/libctru.a(apt.o)
                0x00000000001078bc                aptInitCaptureInfo
 .text.aptWaitStatusEvent
                0x0000000000107954       0x28 /home/yuki/devkitPro/libctru/lib/libctru.a(apt.o)
                0x0000000000107954                aptWaitStatusEvent
 .text.aptGetMenuAppID
                0x000000000010797c       0x60 /home/yuki/devkitPro/libctru/lib/libctru.a(apt.o)
                0x000000000010797c                aptGetMenuAppID
 .text.aptHook  0x00000000001079dc       0x34 /home/yuki/devkitPro/libctru/lib/libctru.a(apt.o)
                0x00000000001079dc                aptHook
 .text.aptUnhook
                0x0000000000107a10       0x2c /home/yuki/devkitPro/libctru/lib/libctru.a(apt.o)
                0x0000000000107a10                aptUnhook
 .text.aptSetStatus
                0x0000000000107a3c       0x6c /home/yuki/devkitPro/libctru/lib/libctru.a(apt.o)
                0x0000000000107a3c                aptSetStatus
 .text.APT_GetLockHandle
                0x0000000000107aa8       0x48 /home/yuki/devkitPro/libctru/lib/libctru.a(apt.o)
                0x0000000000107aa8                APT_GetLockHandle
 .text.APT_Initialize
                0x0000000000107af0       0x60 /home/yuki/devkitPro/libctru/lib/libctru.a(apt.o)
                0x0000000000107af0                APT_Initialize
 .text.APT_Finalize
                0x0000000000107b50       0x34 /home/yuki/devkitPro/libctru/lib/libctru.a(apt.o)
                0x0000000000107b50                APT_Finalize
 .text.APT_InquireNotification
                0x0000000000107b84       0x48 /home/yuki/devkitPro/libctru/lib/libctru.a(apt.o)
                0x0000000000107b84                APT_InquireNotification
 .text.APT_PrepareToJumpToHomeMenu
                0x0000000000107bcc       0x2c /home/yuki/devkitPro/libctru/lib/libctru.a(apt.o)
                0x0000000000107bcc                APT_PrepareToJumpToHomeMenu
 .text.APT_JumpToHomeMenu
                0x0000000000107bf8       0x50 /home/yuki/devkitPro/libctru/lib/libctru.a(apt.o)
                0x0000000000107bf8                APT_JumpToHomeMenu
 .text.APT_PrepareToJumpToApplication
                0x0000000000107c48       0x34 /home/yuki/devkitPro/libctru/lib/libctru.a(apt.o)
                0x0000000000107c48                APT_PrepareToJumpToApplication
 .text.APT_JumpToApplication
                0x0000000000107c7c       0x50 /home/yuki/devkitPro/libctru/lib/libctru.a(apt.o)
                0x0000000000107c7c                APT_JumpToApplication
 .text.APT_NotifyToWait
                0x0000000000107ccc       0x34 /home/yuki/devkitPro/libctru/lib/libctru.a(apt.o)
                0x0000000000107ccc                APT_NotifyToWait
 .text.APT_AppletUtility
                0x0000000000107d00       0x7c /home/yuki/devkitPro/libctru/lib/libctru.a(apt.o)
                0x0000000000107d00                APT_AppletUtility
 .text.aptAppletUtility_Exit_RetToApp
                0x0000000000107d7c      0x188 /home/yuki/devkitPro/libctru/lib/libctru.a(apt.o)
                0x0000000000107d7c                aptAppletUtility_Exit_RetToApp
 .text.aptAppletClosed
                0x0000000000107f04       0x3c /home/yuki/devkitPro/libctru/lib/libctru.a(apt.o)
                0x0000000000107f04                aptAppletClosed
 .text.aptAppStarted
                0x0000000000107f40      0x114 /home/yuki/devkitPro/libctru/lib/libctru.a(apt.o)
 .text.aptInit  0x0000000000108054      0x298 /home/yuki/devkitPro/libctru/lib/libctru.a(apt.o)
                0x0000000000108054                aptInit
 .text.APT_ReceiveParameter
                0x00000000001082ec       0x6c /home/yuki/devkitPro/libctru/lib/libctru.a(apt.o)
                0x00000000001082ec                APT_ReceiveParameter
 .text.APT_SendParameter
                0x0000000000108358       0x64 /home/yuki/devkitPro/libctru/lib/libctru.a(apt.o)
                0x0000000000108358                APT_SendParameter
 .text.APT_SendCaptureBufferInfo
                0x00000000001083bc       0x44 /home/yuki/devkitPro/libctru/lib/libctru.a(apt.o)
                0x00000000001083bc                APT_SendCaptureBufferInfo
 .text.aptReturnToMenu
                0x0000000000108400      0x264 /home/yuki/devkitPro/libctru/lib/libctru.a(apt.o)
                0x0000000000108400                aptReturnToMenu
 .text.APT_ReplySleepQuery
                0x0000000000108664       0x38 /home/yuki/devkitPro/libctru/lib/libctru.a(apt.o)
                0x0000000000108664                APT_ReplySleepQuery
 .text.APT_ReplySleepNotificationComplete
                0x000000000010869c       0x34 /home/yuki/devkitPro/libctru/lib/libctru.a(apt.o)
                0x000000000010869c                APT_ReplySleepNotificationComplete
 .text.aptEventHandler
                0x00000000001086d0      0x3f4 /home/yuki/devkitPro/libctru/lib/libctru.a(apt.o)
                0x00000000001086d0                aptEventHandler
 .text.APT_PrepareToCloseApplication
                0x0000000000108ac4       0x34 /home/yuki/devkitPro/libctru/lib/libctru.a(apt.o)
                0x0000000000108ac4                APT_PrepareToCloseApplication
 .text.APT_CloseApplication
                0x0000000000108af8       0x50 /home/yuki/devkitPro/libctru/lib/libctru.a(apt.o)
                0x0000000000108af8                APT_CloseApplication
 .text.aptExit  0x0000000000108b48      0x2d0 /home/yuki/devkitPro/libctru/lib/libctru.a(apt.o)
                0x0000000000108b48                aptExit
 .text.APT_CheckNew3DS_System
                0x0000000000108e18       0x6c /home/yuki/devkitPro/libctru/lib/libctru.a(apt.o)
                0x0000000000108e18                APT_CheckNew3DS_System
 .text.APT_CheckNew3DS
                0x0000000000108e84       0x8c /home/yuki/devkitPro/libctru/lib/libctru.a(apt.o)
                0x0000000000108e84                APT_CheckNew3DS
 .text.APT_StartLibraryApplet
                0x0000000000108f10       0x54 /home/yuki/devkitPro/libctru/lib/libctru.a(apt.o)
                0x0000000000108f10                APT_StartLibraryApplet
 .text.aptAppletStarted
                0x0000000000108f64      0x174 /home/yuki/devkitPro/libctru/lib/libctru.a(apt.o)
                0x0000000000108f64                aptAppletStarted
 .text.aptMainLoop
                0x00000000001090d8      0x1a4 /home/yuki/devkitPro/libctru/lib/libctru.a(apt.o)
                0x00000000001090d8                aptMainLoop
 .text.csndInit
                0x000000000010927c      0x1c4 /home/yuki/devkitPro/libctru/lib/libctru.a(csnd.o)
                0x000000000010927c                csndInit
 .text.csndExit
                0x0000000000109440       0x94 /home/yuki/devkitPro/libctru/lib/libctru.a(csnd.o)
                0x0000000000109440                csndExit
 .text.csndAddCmd
                0x00000000001094d4       0xc8 /home/yuki/devkitPro/libctru/lib/libctru.a(csnd.o)
                0x00000000001094d4                csndAddCmd
 .text.csndExecCmds
                0x000000000010959c       0xa8 /home/yuki/devkitPro/libctru/lib/libctru.a(csnd.o)
                0x000000000010959c                csndExecCmds
 .text.csndPlaySound
                0x0000000000109644      0x268 /home/yuki/devkitPro/libctru/lib/libctru.a(csnd.o)
                0x0000000000109644                csndPlaySound
 .text.fsInit   0x00000000001098ac       0xc8 /home/yuki/devkitPro/libctru/lib/libctru.a(fs.o)
                0x00000000001098ac                fsInit
 .text.fsExit   0x0000000000109974       0x34 /home/yuki/devkitPro/libctru/lib/libctru.a(fs.o)
                0x0000000000109974                fsExit
 .text.FSUSER_OpenFile
                0x00000000001099a8       0xdc /home/yuki/devkitPro/libctru/lib/libctru.a(fs.o)
                0x00000000001099a8                FSUSER_OpenFile
 .text.FSUSER_OpenFileDirectly
                0x0000000000109a84       0xf8 /home/yuki/devkitPro/libctru/lib/libctru.a(fs.o)
                0x0000000000109a84                FSUSER_OpenFileDirectly
 .text.FSUSER_DeleteFile
                0x0000000000109b7c       0xb8 /home/yuki/devkitPro/libctru/lib/libctru.a(fs.o)
                0x0000000000109b7c                FSUSER_DeleteFile
 .text.FSUSER_RenameFile
                0x0000000000109c34       0xf4 /home/yuki/devkitPro/libctru/lib/libctru.a(fs.o)
                0x0000000000109c34                FSUSER_RenameFile
 .text.FSUSER_DeleteDirectory
                0x0000000000109d28       0xb8 /home/yuki/devkitPro/libctru/lib/libctru.a(fs.o)
                0x0000000000109d28                FSUSER_DeleteDirectory
 .text.FSUSER_CreateFile
                0x0000000000109de0       0xd0 /home/yuki/devkitPro/libctru/lib/libctru.a(fs.o)
                0x0000000000109de0                FSUSER_CreateFile
 .text.FSUSER_CreateDirectory
                0x0000000000109eb0       0xc0 /home/yuki/devkitPro/libctru/lib/libctru.a(fs.o)
                0x0000000000109eb0                FSUSER_CreateDirectory
 .text.FSUSER_RenameDirectory
                0x0000000000109f70       0xf4 /home/yuki/devkitPro/libctru/lib/libctru.a(fs.o)
                0x0000000000109f70                FSUSER_RenameDirectory
 .text.FSUSER_OpenDirectory
                0x000000000010a064       0xc4 /home/yuki/devkitPro/libctru/lib/libctru.a(fs.o)
                0x000000000010a064                FSUSER_OpenDirectory
 .text.FSUSER_OpenArchive
                0x000000000010a128       0xbc /home/yuki/devkitPro/libctru/lib/libctru.a(fs.o)
                0x000000000010a128                FSUSER_OpenArchive
 .text.FSUSER_CloseArchive
                0x000000000010a1e4       0x88 /home/yuki/devkitPro/libctru/lib/libctru.a(fs.o)
                0x000000000010a1e4                FSUSER_CloseArchive
 .text.FSUSER_GetSdmcArchiveResource
                0x000000000010a26c       0x8c /home/yuki/devkitPro/libctru/lib/libctru.a(fs.o)
                0x000000000010a26c                FSUSER_GetSdmcArchiveResource
 .text.FSUSER_IsSdmcWritable
                0x000000000010a2f8       0x64 /home/yuki/devkitPro/libctru/lib/libctru.a(fs.o)
                0x000000000010a2f8                FSUSER_IsSdmcWritable
 .text.FSFILE_Read
                0x000000000010a35c       0x5c /home/yuki/devkitPro/libctru/lib/libctru.a(fs.o)
                0x000000000010a35c                FSFILE_Read
 .text.FSFILE_Write
                0x000000000010a3b8       0x64 /home/yuki/devkitPro/libctru/lib/libctru.a(fs.o)
                0x000000000010a3b8                FSFILE_Write
 .text.FSFILE_GetSize
                0x000000000010a41c       0x3c /home/yuki/devkitPro/libctru/lib/libctru.a(fs.o)
                0x000000000010a41c                FSFILE_GetSize
 .text.FSFILE_SetSize
                0x000000000010a458       0x2c /home/yuki/devkitPro/libctru/lib/libctru.a(fs.o)
                0x000000000010a458                FSFILE_SetSize
 .text.FSFILE_Close
                0x000000000010a484       0x3c /home/yuki/devkitPro/libctru/lib/libctru.a(fs.o)
                0x000000000010a484                FSFILE_Close
 .text.FSFILE_Flush
                0x000000000010a4c0       0x24 /home/yuki/devkitPro/libctru/lib/libctru.a(fs.o)
                0x000000000010a4c0                FSFILE_Flush
 .text.FSDIR_Read
                0x000000000010a4e4       0x54 /home/yuki/devkitPro/libctru/lib/libctru.a(fs.o)
                0x000000000010a4e4                FSDIR_Read
 .text.FSDIR_Close
                0x000000000010a538       0x3c /home/yuki/devkitPro/libctru/lib/libctru.a(fs.o)
                0x000000000010a538                FSDIR_Close
 .text.gspEventThreadMain
                0x000000000010a574       0xe8 /home/yuki/devkitPro/libctru/lib/libctru.a(gspgpu.o)
 .text.gspInit  0x000000000010a65c       0x74 /home/yuki/devkitPro/libctru/lib/libctru.a(gspgpu.o)
                0x000000000010a65c                gspInit
 .text.gspExit  0x000000000010a6d0       0x3c /home/yuki/devkitPro/libctru/lib/libctru.a(gspgpu.o)
                0x000000000010a6d0                gspExit
 .text.gspInitEventHandler
                0x000000000010a70c       0xd0 /home/yuki/devkitPro/libctru/lib/libctru.a(gspgpu.o)
                0x000000000010a70c                gspInitEventHandler
 .text.gspExitEventHandler
                0x000000000010a7dc       0x5c /home/yuki/devkitPro/libctru/lib/libctru.a(gspgpu.o)
                0x000000000010a7dc                gspExitEventHandler
 .text.gspWaitForEvent
                0x000000000010a838       0x58 /home/yuki/devkitPro/libctru/lib/libctru.a(gspgpu.o)
                0x000000000010a838                gspWaitForEvent
 .text.gspSubmitGxCommand
                0x000000000010a890      0x128 /home/yuki/devkitPro/libctru/lib/libctru.a(gspgpu.o)
                0x000000000010a890                gspSubmitGxCommand
 .text.GSPGPU_FlushDataCache
                0x000000000010a9b8       0x4c /home/yuki/devkitPro/libctru/lib/libctru.a(gspgpu.o)
                0x000000000010a9b8                GSPGPU_FlushDataCache
 .text.GSPGPU_SetLcdForceBlack
                0x000000000010aa04       0x34 /home/yuki/devkitPro/libctru/lib/libctru.a(gspgpu.o)
                0x000000000010aa04                GSPGPU_SetLcdForceBlack
 .text.GSPGPU_RegisterInterruptRelayQueue
                0x000000000010aa38       0x64 /home/yuki/devkitPro/libctru/lib/libctru.a(gspgpu.o)
                0x000000000010aa38                GSPGPU_RegisterInterruptRelayQueue
 .text.GSPGPU_UnregisterInterruptRelayQueue
                0x000000000010aa9c       0x2c /home/yuki/devkitPro/libctru/lib/libctru.a(gspgpu.o)
                0x000000000010aa9c                GSPGPU_UnregisterInterruptRelayQueue
 .text.GSPGPU_AcquireRight
                0x000000000010aac8       0x48 /home/yuki/devkitPro/libctru/lib/libctru.a(gspgpu.o)
                0x000000000010aac8                GSPGPU_AcquireRight
 .text.GSPGPU_ReleaseRight
                0x000000000010ab10       0x2c /home/yuki/devkitPro/libctru/lib/libctru.a(gspgpu.o)
                0x000000000010ab10                GSPGPU_ReleaseRight
 .text.GSPGPU_ImportDisplayCaptureInfo
                0x000000000010ab3c       0x80 /home/yuki/devkitPro/libctru/lib/libctru.a(gspgpu.o)
                0x000000000010ab3c                GSPGPU_ImportDisplayCaptureInfo
 .text.GSPGPU_SaveVramSysArea
                0x000000000010abbc       0x2c /home/yuki/devkitPro/libctru/lib/libctru.a(gspgpu.o)
                0x000000000010abbc                GSPGPU_SaveVramSysArea
 .text.GSPGPU_RestoreVramSysArea
                0x000000000010abe8       0x2c /home/yuki/devkitPro/libctru/lib/libctru.a(gspgpu.o)
                0x000000000010abe8                GSPGPU_RestoreVramSysArea
 .text.hidExit  0x000000000010ac14       0xd8 /home/yuki/devkitPro/libctru/lib/libctru.a(hid.o)
                0x000000000010ac14                hidExit
 .text.hidScanInput
                0x000000000010acec      0x238 /home/yuki/devkitPro/libctru/lib/libctru.a(hid.o)
                0x000000000010acec                hidScanInput
 .text.hidKeysDown
                0x000000000010af24       0x10 /home/yuki/devkitPro/libctru/lib/libctru.a(hid.o)
                0x000000000010af24                hidKeysDown
 .text.hidTouchRead
                0x000000000010af34       0x18 /home/yuki/devkitPro/libctru/lib/libctru.a(hid.o)
                0x000000000010af34                hidTouchRead
 .text.HIDUSER_GetHandles
                0x000000000010af4c       0x90 /home/yuki/devkitPro/libctru/lib/libctru.a(hid.o)
                0x000000000010af4c                HIDUSER_GetHandles
 .text.hidInit  0x000000000010afdc      0x184 /home/yuki/devkitPro/libctru/lib/libctru.a(hid.o)
                0x000000000010afdc                hidInit
 .text.irrstScanInput
                0x000000000010b160       0xb0 /home/yuki/devkitPro/libctru/lib/libctru.a(irrst.o)
                0x000000000010b160                irrstScanInput
 .text.irrstKeysHeld
                0x000000000010b210       0x1c /home/yuki/devkitPro/libctru/lib/libctru.a(irrst.o)
                0x000000000010b210                irrstKeysHeld
 .text.IRRST_GetHandles
                0x000000000010b22c       0x50 /home/yuki/devkitPro/libctru/lib/libctru.a(irrst.o)
                0x000000000010b22c                IRRST_GetHandles
 .text.irrstInit
                0x000000000010b27c      0x148 /home/yuki/devkitPro/libctru/lib/libctru.a(irrst.o)
                0x000000000010b27c                irrstInit
 .text.IRRST_Shutdown
                0x000000000010b3c4       0x2c /home/yuki/devkitPro/libctru/lib/libctru.a(irrst.o)
                0x000000000010b3c4                IRRST_Shutdown
 .text.irrstExit
                0x000000000010b3f0       0xb0 /home/yuki/devkitPro/libctru/lib/libctru.a(irrst.o)
                0x000000000010b3f0                irrstExit
 .text.ptmSysmInit
                0x000000000010b4a0       0x70 /home/yuki/devkitPro/libctru/lib/libctru.a(ptmsysm.o)
                0x000000000010b4a0                ptmSysmInit
 .text.ptmSysmExit
                0x000000000010b510       0x34 /home/yuki/devkitPro/libctru/lib/libctru.a(ptmsysm.o)
                0x000000000010b510                ptmSysmExit
 .text.PTMSYSM_ConfigureNew3DSCPU
                0x000000000010b544       0x34 /home/yuki/devkitPro/libctru/lib/libctru.a(ptmsysm.o)
                0x000000000010b544                PTMSYSM_ConfigureNew3DSCPU
 .text.bind     0x000000000010b578      0x184 /home/yuki/devkitPro/libctru/lib/libctru.a(soc_bind.o)
                0x000000000010b578                bind
 .text.closesocket
                0x000000000010b6fc       0x78 /home/yuki/devkitPro/libctru/lib/libctru.a(soc_closesocket.o)
                0x000000000010b6fc                closesocket
 .text._net_convert_error
                0x000000000010b774       0x3c /home/yuki/devkitPro/libctru/lib/libctru.a(soc_common.o)
                0x000000000010b774                _net_convert_error
 .text.fcntl    0x000000000010b7b0      0x168 /home/yuki/devkitPro/libctru/lib/libctru.a(soc_fcntl.o)
                0x000000000010b7b0                fcntl
 .text.inet_addr
                0x000000000010b918       0x24 /home/yuki/devkitPro/libctru/lib/libctru.a(soc_inet_addr.o)
                0x000000000010b918                inet_addr
 .text.inet_aton
                0x000000000010b93c      0x1c8 /home/yuki/devkitPro/libctru/lib/libctru.a(soc_inet_aton.o)
                0x000000000010b93c                inet_aton
 .text.soc_open
                0x000000000010bb04       0x10 /home/yuki/devkitPro/libctru/lib/libctru.a(soc_init.o)
 .text.soc_read
                0x000000000010bb14       0x30 /home/yuki/devkitPro/libctru/lib/libctru.a(soc_init.o)
 .text.soc_write
                0x000000000010bb44       0x30 /home/yuki/devkitPro/libctru/lib/libctru.a(soc_init.o)
 .text.soc_close
                0x000000000010bb74       0x98 /home/yuki/devkitPro/libctru/lib/libctru.a(soc_init.o)
 .text.socInit  0x000000000010bc0c      0x140 /home/yuki/devkitPro/libctru/lib/libctru.a(soc_init.o)
                0x000000000010bc0c                socInit
 .text.socExit  0x000000000010bd4c       0x88 /home/yuki/devkitPro/libctru/lib/libctru.a(soc_init.o)
                0x000000000010bd4c                socExit
 .text.socuipc_cmd7
                0x000000000010bdd4      0x140 /home/yuki/devkitPro/libctru/lib/libctru.a(soc_recvfrom.o)
                0x000000000010bdd4                socuipc_cmd7
 .text.socuipc_cmd8
                0x000000000010bf14      0x154 /home/yuki/devkitPro/libctru/lib/libctru.a(soc_recvfrom.o)
                0x000000000010bf14                socuipc_cmd8
 .text.soc_recvfrom
                0x000000000010c068       0x24 /home/yuki/devkitPro/libctru/lib/libctru.a(soc_recvfrom.o)
                0x000000000010c068                soc_recvfrom
 .text.recvfrom
                0x000000000010c08c       0x98 /home/yuki/devkitPro/libctru/lib/libctru.a(soc_recvfrom.o)
                0x000000000010c08c                recvfrom
 .text.socuipc_cmd9
                0x000000000010c124      0x160 /home/yuki/devkitPro/libctru/lib/libctru.a(soc_sendto.o)
                0x000000000010c124                socuipc_cmd9
 .text.socuipc_cmda
                0x000000000010c284      0x164 /home/yuki/devkitPro/libctru/lib/libctru.a(soc_sendto.o)
                0x000000000010c284                socuipc_cmda
 .text.soc_sendto
                0x000000000010c3e8       0x24 /home/yuki/devkitPro/libctru/lib/libctru.a(soc_sendto.o)
                0x000000000010c3e8                soc_sendto
 .text.sendto   0x000000000010c40c       0x98 /home/yuki/devkitPro/libctru/lib/libctru.a(soc_sendto.o)
                0x000000000010c40c                sendto
 .text.socket   0x000000000010c4a4      0x128 /home/yuki/devkitPro/libctru/lib/libctru.a(soc_socket.o)
                0x000000000010c4a4                socket
 .text.rbtree_find
                0x000000000010c5cc       0x70 /home/yuki/devkitPro/libctru/lib/libctru.a(rbtree_find.o)
                0x000000000010c5cc                rbtree_find
 .text.rbtree_init
                0x000000000010c63c       0x14 /home/yuki/devkitPro/libctru/lib/libctru.a(rbtree_init.o)
                0x000000000010c63c                rbtree_init
 .text.do_insert
                0x000000000010c650      0x1d4 /home/yuki/devkitPro/libctru/lib/libctru.a(rbtree_insert.o)
 .text.rbtree_insert
                0x000000000010c824        0x8 /home/yuki/devkitPro/libctru/lib/libctru.a(rbtree_insert.o)
                0x000000000010c824                rbtree_insert
 .text.rbtree_remove
                0x000000000010c82c      0x35c /home/yuki/devkitPro/libctru/lib/libctru.a(rbtree_remove.o)
                0x000000000010c82c                rbtree_remove
 .text.rbtree_rotate
                0x000000000010cb88       0xac /home/yuki/devkitPro/libctru/lib/libctru.a(rbtree_rotate.o)
                0x000000000010cb88                rbtree_rotate
 .text.utf8_to_utf16
                0x000000000010cc34       0xbc /home/yuki/devkitPro/libctru/lib/libctru.a(utf8_to_utf16.o)
                0x000000000010cc34                utf8_to_utf16
 .text.osGetMemRegionSize
                0x000000000010ccf0       0x58 /home/yuki/devkitPro/libctru/lib/libctru.a(allocateHeaps.o)
 .text.__system_allocateHeaps
                0x000000000010cd48      0x124 /home/yuki/devkitPro/libctru/lib/libctru.a(allocateHeaps.o)
                0x000000000010cd48                __system_allocateHeaps
 .text.__system_initArgv
                0x000000000010ce6c       0xf4 /home/yuki/devkitPro/libctru/lib/libctru.a(initArgv.o)
                0x000000000010ce6c                __system_initArgv
 .text.__libctru_init
                0x000000000010cf60       0x38 /home/yuki/devkitPro/libctru/lib/libctru.a(initSystem.o)
                0x000000000010cf60                __libctru_init
 .text.__ctru_get_reent
                0x000000000010cf98       0x30 /home/yuki/devkitPro/libctru/lib/libctru.a(syscalls.o)
 .text.__system_initSyscalls
                0x000000000010cfc8       0xe8 /home/yuki/devkitPro/libctru/lib/libctru.a(syscalls.o)
                0x000000000010cfc8                __system_initSyscalls
 .text.svcControlMemory
                0x000000000010d0b0       0x20 /home/yuki/devkitPro/libctru/lib/libctru.a(svc.o)
                0x000000000010d0b0                svcControlMemory
 .text.svcExitProcess
                0x000000000010d0d0        0x8 /home/yuki/devkitPro/libctru/lib/libctru.a(svc.o)
                0x000000000010d0d0                svcExitProcess
 .text.svcCreateThread
                0x000000000010d0d8       0x20 /home/yuki/devkitPro/libctru/lib/libctru.a(svc.o)
                0x000000000010d0d8                svcCreateThread
 .text.svcExitThread
                0x000000000010d0f8        0x8 /home/yuki/devkitPro/libctru/lib/libctru.a(svc.o)
                0x000000000010d0f8                svcExitThread
 .text.svcReleaseMutex
                0x000000000010d100        0x8 /home/yuki/devkitPro/libctru/lib/libctru.a(svc.o)
                0x000000000010d100                svcReleaseMutex
 .text.svcCreateEvent
                0x000000000010d108       0x14 /home/yuki/devkitPro/libctru/lib/libctru.a(svc.o)
                0x000000000010d108                svcCreateEvent
 .text.svcSignalEvent
                0x000000000010d11c        0x8 /home/yuki/devkitPro/libctru/lib/libctru.a(svc.o)
                0x000000000010d11c                svcSignalEvent
 .text.svcClearEvent
                0x000000000010d124        0x8 /home/yuki/devkitPro/libctru/lib/libctru.a(svc.o)
                0x000000000010d124                svcClearEvent
 .text.svcCreateMemoryBlock
                0x000000000010d12c       0x18 /home/yuki/devkitPro/libctru/lib/libctru.a(svc.o)
                0x000000000010d12c                svcCreateMemoryBlock
 .text.svcMapMemoryBlock
                0x000000000010d144        0x8 /home/yuki/devkitPro/libctru/lib/libctru.a(svc.o)
                0x000000000010d144                svcMapMemoryBlock
 .text.svcUnmapMemoryBlock
                0x000000000010d14c        0x8 /home/yuki/devkitPro/libctru/lib/libctru.a(svc.o)
                0x000000000010d14c                svcUnmapMemoryBlock
 .text.svcCreateAddressArbiter
                0x000000000010d154       0x14 /home/yuki/devkitPro/libctru/lib/libctru.a(svc.o)
                0x000000000010d154                svcCreateAddressArbiter
 .text.svcArbitrateAddress
                0x000000000010d168       0x20 /home/yuki/devkitPro/libctru/lib/libctru.a(svc.o)
                0x000000000010d168                svcArbitrateAddress
 .text.svcCloseHandle
                0x000000000010d188        0x8 /home/yuki/devkitPro/libctru/lib/libctru.a(svc.o)
                0x000000000010d188                svcCloseHandle
 .text.svcWaitSynchronization
                0x000000000010d190        0x8 /home/yuki/devkitPro/libctru/lib/libctru.a(svc.o)
                0x000000000010d190                svcWaitSynchronization
 .text.svcWaitSynchronizationN
                0x000000000010d198       0x28 /home/yuki/devkitPro/libctru/lib/libctru.a(svc.o)
                0x000000000010d198                svcWaitSynchronizationN
 .text.svcDuplicateHandle
                0x000000000010d1c0       0x14 /home/yuki/devkitPro/libctru/lib/libctru.a(svc.o)
                0x000000000010d1c0                svcDuplicateHandle
 .text.svcGetSystemTick
                0x000000000010d1d4        0x8 /home/yuki/devkitPro/libctru/lib/libctru.a(svc.o)
                0x000000000010d1d4                svcGetSystemTick
 .text.svcGetSystemInfo
                0x000000000010d1dc       0x18 /home/yuki/devkitPro/libctru/lib/libctru.a(svc.o)
                0x000000000010d1dc                svcGetSystemInfo
 .text.svcConnectToPort
                0x000000000010d1f4       0x14 /home/yuki/devkitPro/libctru/lib/libctru.a(svc.o)
                0x000000000010d1f4                svcConnectToPort
 .text.svcSendSyncRequest
                0x000000000010d208        0x8 /home/yuki/devkitPro/libctru/lib/libctru.a(svc.o)
                0x000000000010d208                svcSendSyncRequest
 .text.svcBreak
                0x000000000010d210        0x8 /home/yuki/devkitPro/libctru/lib/libctru.a(svc.o)
                0x000000000010d210                svcBreak
 .text._ZL21addrMapNodeComparatorPK11rbtree_nodeS1_
                0x000000000010d218       0x24 /home/yuki/devkitPro/libctru/lib/libctru.a(mappable.o)
 .text._ZL21addrMapNodeDestructorP11rbtree_node
                0x000000000010d23c        0x4 /home/yuki/devkitPro/libctru/lib/libctru.a(mappable.o)
 .text.mappableAlloc
                0x000000000010d240       0xf4 /home/yuki/devkitPro/libctru/lib/libctru.a(mappable.o)
                0x000000000010d240                mappableAlloc
 .text.mappableFree
                0x000000000010d334       0x50 /home/yuki/devkitPro/libctru/lib/libctru.a(mappable.o)
                0x000000000010d334                mappableFree
 .text.envGetHandle
                0x000000000010d384       0x94 /home/yuki/devkitPro/libctru/lib/libctru.a(env.o)
                0x000000000010d384                envGetHandle
 .text.envDestroyHandles
                0x000000000010d418       0x4c /home/yuki/devkitPro/libctru/lib/libctru.a(env.o)
                0x000000000010d418                envDestroyHandles
 .text.srvExit  0x000000000010d464       0x50 /home/yuki/devkitPro/libctru/lib/libctru.a(srv.o)
                0x000000000010d464                srvExit
 .text.srvRegisterClient
                0x000000000010d4b4       0x38 /home/yuki/devkitPro/libctru/lib/libctru.a(srv.o)
                0x000000000010d4b4                srvRegisterClient
 .text.srvInit  0x000000000010d4ec       0x70 /home/yuki/devkitPro/libctru/lib/libctru.a(srv.o)
                0x000000000010d4ec                srvInit
 .text.srvGetServiceHandleDirect
                0x000000000010d55c       0x68 /home/yuki/devkitPro/libctru/lib/libctru.a(srv.o)
                0x000000000010d55c                srvGetServiceHandleDirect
 .text.srvGetServiceHandle
                0x000000000010d5c4       0x38 /home/yuki/devkitPro/libctru/lib/libctru.a(srv.o)
                0x000000000010d5c4                srvGetServiceHandle
 .text.LightLock_Unlock.part.1
                0x000000000010d5fc       0x34 /home/yuki/devkitPro/libctru/lib/libctru.a(synchronization.o)
 .text.__sync_init
                0x000000000010d630        0xc /home/yuki/devkitPro/libctru/lib/libctru.a(synchronization.o)
                0x000000000010d630                __sync_init
 .text.__sync_fini
                0x000000000010d63c       0x18 /home/yuki/devkitPro/libctru/lib/libctru.a(synchronization.o)
                0x000000000010d63c                __sync_fini
 .text.LightLock_Init
                0x000000000010d654       0x18 /home/yuki/devkitPro/libctru/lib/libctru.a(synchronization.o)
                0x000000000010d654                LightLock_Init
 .text.LightLock_Lock
                0x000000000010d66c       0x94 /home/yuki/devkitPro/libctru/lib/libctru.a(synchronization.o)
                0x000000000010d66c                LightLock_Lock
 .text.LightLock_TryLock
                0x000000000010d700       0x34 /home/yuki/devkitPro/libctru/lib/libctru.a(synchronization.o)
                0x000000000010d700                LightLock_TryLock
 .text.LightLock_Unlock
                0x000000000010d734       0x20 /home/yuki/devkitPro/libctru/lib/libctru.a(synchronization.o)
                0x000000000010d734                LightLock_Unlock
 .text.RecursiveLock_Init
                0x000000000010d754       0x24 /home/yuki/devkitPro/libctru/lib/libctru.a(synchronization.o)
                0x000000000010d754                RecursiveLock_Init
 .text.RecursiveLock_Lock
                0x000000000010d778       0x30 /home/yuki/devkitPro/libctru/lib/libctru.a(synchronization.o)
                0x000000000010d778                RecursiveLock_Lock
 .text.RecursiveLock_TryLock
                0x000000000010d7a8       0x58 /home/yuki/devkitPro/libctru/lib/libctru.a(synchronization.o)
                0x000000000010d7a8                RecursiveLock_TryLock
 .text.RecursiveLock_Unlock
                0x000000000010d800       0x38 /home/yuki/devkitPro/libctru/lib/libctru.a(synchronization.o)
                0x000000000010d800                RecursiveLock_Unlock
 .text.threadCreate
                0x000000000010d838      0x1c8 /home/yuki/devkitPro/libctru/lib/libctru.a(thread.o)
                0x000000000010d838                threadCreate
 .text.threadJoin
                0x000000000010da00       0x24 /home/yuki/devkitPro/libctru/lib/libctru.a(thread.o)
                0x000000000010da00                threadJoin
 .text.threadExit
                0x000000000010da24       0x6c /home/yuki/devkitPro/libctru/lib/libctru.a(thread.o)
                0x000000000010da24                threadExit
 .text._thread_begin
                0x000000000010da90       0x3c /home/yuki/devkitPro/libctru/lib/libctru.a(thread.o)
 .text.rbtree_node_next
                0x000000000010dacc       0x8c /home/yuki/devkitPro/libctru/lib/libctru.a(rbtree_iterator.o)
                0x000000000010dacc                rbtree_node_next
 .text.decode_utf8
                0x000000000010db58      0x138 /home/yuki/devkitPro/libctru/lib/libctru.a(decode_utf8.o)
                0x000000000010db58                decode_utf8
 .text.encode_utf16
                0x000000000010dc90       0x68 /home/yuki/devkitPro/libctru/lib/libctru.a(encode_utf16.o)
                0x000000000010dc90                encode_utf16
 .text.__appExit
                0x000000000010dcf8       0x1c /home/yuki/devkitPro/libctru/lib/libctru.a(appExit.o)
                0x000000000010dcf8                __appExit
 .text.__appInit
                0x000000000010dd14       0x1c /home/yuki/devkitPro/libctru/lib/libctru.a(appInit.o)
                0x000000000010dd14                __appInit
 .text.__libctru_exit
                0x000000000010dd30       0xa4 /home/yuki/devkitPro/libctru/lib/libctru.a(ctru_exit.o)
                0x000000000010dd30                __libctru_exit
 .text.sdmc_link
                0x000000000010ddd4       0x10 /home/yuki/devkitPro/libctru/lib/libctru.a(sdmc_dev.o)
 .text.sdmc_dirreset
                0x000000000010dde4       0x10 /home/yuki/devkitPro/libctru/lib/libctru.a(sdmc_dev.o)
 .text.sdmc_chmod
                0x000000000010ddf4       0x10 /home/yuki/devkitPro/libctru/lib/libctru.a(sdmc_dev.o)
 .text.sdmc_fchmod
                0x000000000010de04       0x10 /home/yuki/devkitPro/libctru/lib/libctru.a(sdmc_dev.o)
 .text.error_cmp
                0x000000000010de14       0x24 /home/yuki/devkitPro/libctru/lib/libctru.a(sdmc_dev.o)
 .text.sdmc_translate_error
                0x000000000010de38       0x50 /home/yuki/devkitPro/libctru/lib/libctru.a(sdmc_dev.o)
 .text.sdmc_fsync
                0x000000000010de88       0x34 /home/yuki/devkitPro/libctru/lib/libctru.a(sdmc_dev.o)
 .text.sdmc_ftruncate
                0x000000000010debc       0x54 /home/yuki/devkitPro/libctru/lib/libctru.a(sdmc_dev.o)
 .text.sdmc_statvfs
                0x000000000010df10       0xac /home/yuki/devkitPro/libctru/lib/libctru.a(sdmc_dev.o)
 .text.sdmc_dirclose
                0x000000000010dfbc       0x38 /home/yuki/devkitPro/libctru/lib/libctru.a(sdmc_dev.o)
 .text.sdmc_dirnext
                0x000000000010dff4       0xe0 /home/yuki/devkitPro/libctru/lib/libctru.a(sdmc_dev.o)
 .text.sdmc_close
                0x000000000010e0d4       0x34 /home/yuki/devkitPro/libctru/lib/libctru.a(sdmc_dev.o)
 .text.sdmc_fstat
                0x000000000010e108       0x74 /home/yuki/devkitPro/libctru/lib/libctru.a(sdmc_dev.o)
 .text.sdmc_seek
                0x000000000010e17c       0xc0 /home/yuki/devkitPro/libctru/lib/libctru.a(sdmc_dev.o)
 .text.sdmc_read
                0x000000000010e23c       0x8c /home/yuki/devkitPro/libctru/lib/libctru.a(sdmc_dev.o)
 .text.sdmc_write
                0x000000000010e2c8      0x108 /home/yuki/devkitPro/libctru/lib/libctru.a(sdmc_dev.o)
 .text.sdmc_utf16path
                0x000000000010e3d0      0x1b4 /home/yuki/devkitPro/libctru/lib/libctru.a(sdmc_dev.o)
 .text.sdmc_rmdir
                0x000000000010e584       0x80 /home/yuki/devkitPro/libctru/lib/libctru.a(sdmc_dev.o)
 .text.sdmc_diropen
                0x000000000010e604       0x9c /home/yuki/devkitPro/libctru/lib/libctru.a(sdmc_dev.o)
 .text.sdmc_chdir
                0x000000000010e6a0       0xa8 /home/yuki/devkitPro/libctru/lib/libctru.a(sdmc_dev.o)
 .text.sdmc_mkdir
                0x000000000010e748       0x84 /home/yuki/devkitPro/libctru/lib/libctru.a(sdmc_dev.o)
 .text.sdmc_rename
                0x000000000010e7cc      0x138 /home/yuki/devkitPro/libctru/lib/libctru.a(sdmc_dev.o)
 .text.sdmc_unlink
                0x000000000010e904       0x80 /home/yuki/devkitPro/libctru/lib/libctru.a(sdmc_dev.o)
 .text.sdmc_stat
                0x000000000010e984      0x120 /home/yuki/devkitPro/libctru/lib/libctru.a(sdmc_dev.o)
 .text.sdmc_open
                0x000000000010eaa4      0x1ac /home/yuki/devkitPro/libctru/lib/libctru.a(sdmc_dev.o)
 .text.sdmcInit
                0x000000000010ec50      0x134 /home/yuki/devkitPro/libctru/lib/libctru.a(sdmc_dev.o)
                0x000000000010ec50                sdmcInit
 .text.sdmcExit
                0x000000000010ed84       0x50 /home/yuki/devkitPro/libctru/lib/libctru.a(sdmc_dev.o)
                0x000000000010ed84                sdmcExit
 .text.utf16_to_utf8
                0x000000000010edd4       0xe4 /home/yuki/devkitPro/libctru/lib/libctru.a(utf16_to_utf8.o)
                0x000000000010edd4                utf16_to_utf8
 .text.__aeabi_read_tp
                0x000000000010eeb8        0xc /home/yuki/devkitPro/libctru/lib/libctru.a(readtp.o)
                0x000000000010eeb8                __aeabi_read_tp
 .text.decode_utf16
                0x000000000010eec4       0x60 /home/yuki/devkitPro/libctru/lib/libctru.a(decode_utf16.o)
                0x000000000010eec4                decode_utf16
 .text.encode_utf8
                0x000000000010ef24      0x104 /home/yuki/devkitPro/libctru/lib/libctru.a(encode_utf8.o)
                0x000000000010ef24                encode_utf8
 .text.cos      0x000000000010f028       0xc8 /home/yuki/devkitPro/devkitARM/bin/../lib/gcc/arm-none-eabi/5.3.0/../../../../arm-none-eabi/lib/armv6k/fpu/libm.a(lib_a-s_cos.o)
                0x000000000010f028                cos
 .text.floorf   0x000000000010f0f0       0xb8 /home/yuki/devkitPro/devkitARM/bin/../lib/gcc/arm-none-eabi/5.3.0/../../../../arm-none-eabi/lib/armv6k/fpu/libm.a(lib_a-sf_floor.o)
                0x000000000010f0f0                floorf
 .text.floor    0x000000000010f1a8      0x180 /home/yuki/devkitPro/devkitARM/bin/../lib/gcc/arm-none-eabi/5.3.0/../../../../arm-none-eabi/lib/armv6k/fpu/libm.a(lib_a-s_floor.o)
                0x000000000010f1a8                floor
 .text.sin      0x000000000010f328       0xd0 /home/yuki/devkitPro/devkitARM/bin/../lib/gcc/arm-none-eabi/5.3.0/../../../../arm-none-eabi/lib/armv6k/fpu/libm.a(lib_a-s_sin.o)
                0x000000000010f328                sin
 .text.tan      0x000000000010f3f8       0x88 /home/yuki/devkitPro/devkitARM/bin/../lib/gcc/arm-none-eabi/5.3.0/../../../../arm-none-eabi/lib/armv6k/fpu/libm.a(lib_a-s_tan.o)
                0x000000000010f3f8                tan
 .text.__ieee754_rem_pio2
                0x000000000010f480      0x308 /home/yuki/devkitPro/devkitARM/bin/../lib/gcc/arm-none-eabi/5.3.0/../../../../arm-none-eabi/lib/armv6k/fpu/libm.a(lib_a-e_rem_pio2.o)
                0x000000000010f480                __ieee754_rem_pio2
 .text.__kernel_cos
                0x000000000010f788      0x150 /home/yuki/devkitPro/devkitARM/bin/../lib/gcc/arm-none-eabi/5.3.0/../../../../arm-none-eabi/lib/armv6k/fpu/libm.a(lib_a-k_cos.o)
                0x000000000010f788                __kernel_cos
 .text.__kernel_rem_pio2
                0x000000000010f8d8      0x898 /home/yuki/devkitPro/devkitARM/bin/../lib/gcc/arm-none-eabi/5.3.0/../../../../arm-none-eabi/lib/armv6k/fpu/libm.a(lib_a-k_rem_pio2.o)
                0x000000000010f8d8                __kernel_rem_pio2
 .text.__kernel_sin
                0x0000000000110170       0xc0 /home/yuki/devkitPro/devkitARM/bin/../lib/gcc/arm-none-eabi/5.3.0/../../../../arm-none-eabi/lib/armv6k/fpu/libm.a(lib_a-k_sin.o)
                0x0000000000110170                __kernel_sin
 .text.__kernel_tan
                0x0000000000110230      0x270 /home/yuki/devkitPro/devkitARM/bin/../lib/gcc/arm-none-eabi/5.3.0/../../../../arm-none-eabi/lib/armv6k/fpu/libm.a(lib_a-k_tan.o)
                0x0000000000110230                __kernel_tan
 .text.fabs     0x00000000001104a0       0x10 /home/yuki/devkitPro/devkitARM/bin/../lib/gcc/arm-none-eabi/5.3.0/../../../../arm-none-eabi/lib/armv6k/fpu/libm.a(lib_a-s_fabs.o)
                0x00000000001104a0                fabs
 .text.scalbn   0x00000000001104b0      0x188 /home/yuki/devkitPro/devkitARM/bin/../lib/gcc/arm-none-eabi/5.3.0/../../../../arm-none-eabi/lib/armv6k/fpu/libm.a(lib_a-s_scalbn.o)
                0x00000000001104b0                scalbn
 .text.copysign
                0x0000000000110638       0x1c /home/yuki/devkitPro/devkitARM/bin/../lib/gcc/arm-none-eabi/5.3.0/../../../../arm-none-eabi/lib/armv6k/fpu/libm.a(lib_a-s_copysign.o)
                0x0000000000110638                copysign
 .text.bsearch  0x0000000000110654       0x78 /home/yuki/devkitPro/devkitARM/bin/../lib/gcc/arm-none-eabi/5.3.0/../../../../arm-none-eabi/lib/armv6k/fpu/libg.a(lib_a-bsearch.o)
                0x0000000000110654                bsearch
 .text.__errno  0x00000000001106cc        0xc /home/yuki/devkitPro/devkitARM/bin/../lib/gcc/arm-none-eabi/5.3.0/../../../../arm-none-eabi/lib/armv6k/fpu/libg.a(lib_a-errno.o)
                0x00000000001106cc                __errno
 .text._fclose_r
                0x00000000001106d8      0x120 /home/yuki/devkitPro/devkitARM/bin/../lib/gcc/arm-none-eabi/5.3.0/../../../../arm-none-eabi/lib/armv6k/fpu/libg.a(lib_a-fclose.o)
                0x00000000001106d8                _fclose_r
 .text.fclose   0x00000000001107f8       0x18 /home/yuki/devkitPro/devkitARM/bin/../lib/gcc/arm-none-eabi/5.3.0/../../../../arm-none-eabi/lib/armv6k/fpu/libg.a(lib_a-fclose.o)
                0x00000000001107f8                fclose
 .text.__sflush_r
                0x0000000000110810      0x230 /home/yuki/devkitPro/devkitARM/bin/../lib/gcc/arm-none-eabi/5.3.0/../../../../arm-none-eabi/lib/armv6k/fpu/libg.a(lib_a-fflush.o)
                0x0000000000110810                __sflush_r
 .text._fflush_r
                0x0000000000110a40       0x90 /home/yuki/devkitPro/devkitARM/bin/../lib/gcc/arm-none-eabi/5.3.0/../../../../arm-none-eabi/lib/armv6k/fpu/libg.a(lib_a-fflush.o)
                0x0000000000110a40                _fflush_r
 .text.fflush   0x0000000000110ad0       0x38 /home/yuki/devkitPro/devkitARM/bin/../lib/gcc/arm-none-eabi/5.3.0/../../../../arm-none-eabi/lib/armv6k/fpu/libg.a(lib_a-fflush.o)
                0x0000000000110ad0                fflush
 .text.fgetc    0x0000000000110b08       0xb4 /home/yuki/devkitPro/devkitARM/bin/../lib/gcc/arm-none-eabi/5.3.0/../../../../arm-none-eabi/lib/armv6k/fpu/libg.a(lib_a-fgetc.o)
                0x0000000000110b08                fgetc
 .text._cleanup_r
                0x0000000000110bbc        0xc /home/yuki/devkitPro/devkitARM/bin/../lib/gcc/arm-none-eabi/5.3.0/../../../../arm-none-eabi/lib/armv6k/fpu/libg.a(lib_a-findfp.o)
                0x0000000000110bbc                _cleanup_r
 .text.std.isra.0
                0x0000000000110bc8       0x80 /home/yuki/devkitPro/devkitARM/bin/../lib/gcc/arm-none-eabi/5.3.0/../../../../arm-none-eabi/lib/armv6k/fpu/libg.a(lib_a-findfp.o)
 .text.__sfmoreglue
                0x0000000000110c48       0x48 /home/yuki/devkitPro/devkitARM/bin/../lib/gcc/arm-none-eabi/5.3.0/../../../../arm-none-eabi/lib/armv6k/fpu/libg.a(lib_a-findfp.o)
                0x0000000000110c48                __sfmoreglue
 .text.__sinit  0x0000000000110c90       0x8c /home/yuki/devkitPro/devkitARM/bin/../lib/gcc/arm-none-eabi/5.3.0/../../../../arm-none-eabi/lib/armv6k/fpu/libg.a(lib_a-findfp.o)
                0x0000000000110c90                __sinit
 .text.__sfp    0x0000000000110d1c      0x11c /home/yuki/devkitPro/devkitARM/bin/../lib/gcc/arm-none-eabi/5.3.0/../../../../arm-none-eabi/lib/armv6k/fpu/libg.a(lib_a-findfp.o)
                0x0000000000110d1c                __sfp
 .text.__sfp_lock_acquire
                0x0000000000110e38        0xc /home/yuki/devkitPro/devkitARM/bin/../lib/gcc/arm-none-eabi/5.3.0/../../../../arm-none-eabi/lib/armv6k/fpu/libg.a(lib_a-findfp.o)
                0x0000000000110e38                __sfp_lock_acquire
 .text.__sfp_lock_release
                0x0000000000110e44        0xc /home/yuki/devkitPro/devkitARM/bin/../lib/gcc/arm-none-eabi/5.3.0/../../../../arm-none-eabi/lib/armv6k/fpu/libg.a(lib_a-findfp.o)
                0x0000000000110e44                __sfp_lock_release
 .text.__libc_fini_array
                0x0000000000110e50       0x3c /home/yuki/devkitPro/devkitARM/bin/../lib/gcc/arm-none-eabi/5.3.0/../../../../arm-none-eabi/lib/armv6k/fpu/libg.a(lib_a-fini.o)
                0x0000000000110e50                __libc_fini_array
 .text._fopen_r
                0x0000000000110e8c      0x13c /home/yuki/devkitPro/devkitARM/bin/../lib/gcc/arm-none-eabi/5.3.0/../../../../arm-none-eabi/lib/armv6k/fpu/libg.a(lib_a-fopen.o)
                0x0000000000110e8c                _fopen_r
 .text.fopen    0x0000000000110fc8       0x20 /home/yuki/devkitPro/devkitARM/bin/../lib/gcc/arm-none-eabi/5.3.0/../../../../arm-none-eabi/lib/armv6k/fpu/libg.a(lib_a-fopen.o)
                0x0000000000110fc8                fopen
 .text._fread_r
                0x0000000000110fe8      0x2ec /home/yuki/devkitPro/devkitARM/bin/../lib/gcc/arm-none-eabi/5.3.0/../../../../arm-none-eabi/lib/armv6k/fpu/libg.a(lib_a-fread.o)
                0x0000000000110fe8                _fread_r
 .text.fread    0x00000000001112d4       0x38 /home/yuki/devkitPro/devkitARM/bin/../lib/gcc/arm-none-eabi/5.3.0/../../../../arm-none-eabi/lib/armv6k/fpu/libg.a(lib_a-fread.o)
                0x00000000001112d4                fread
 .text._malloc_trim_r
                0x000000000011130c       0xf8 /home/yuki/devkitPro/devkitARM/bin/../lib/gcc/arm-none-eabi/5.3.0/../../../../arm-none-eabi/lib/armv6k/fpu/libg.a(lib_a-freer.o)
                0x000000000011130c                _malloc_trim_r
 .text._free_r  0x0000000000111404      0x2e4 /home/yuki/devkitPro/devkitARM/bin/../lib/gcc/arm-none-eabi/5.3.0/../../../../arm-none-eabi/lib/armv6k/fpu/libg.a(lib_a-freer.o)
                0x0000000000111404                _free_r
 .text._fseek_r
                0x00000000001116e8        0x4 /home/yuki/devkitPro/devkitARM/bin/../lib/gcc/arm-none-eabi/5.3.0/../../../../arm-none-eabi/lib/armv6k/fpu/libg.a(lib_a-fseek.o)
                0x00000000001116e8                _fseek_r
 .text._fseeko_r
                0x00000000001116ec      0x4f8 /home/yuki/devkitPro/devkitARM/bin/../lib/gcc/arm-none-eabi/5.3.0/../../../../arm-none-eabi/lib/armv6k/fpu/libg.a(lib_a-fseeko.o)
                0x00000000001116ec                _fseeko_r
 .text._fwalk   0x0000000000111be4       0x78 /home/yuki/devkitPro/devkitARM/bin/../lib/gcc/arm-none-eabi/5.3.0/../../../../arm-none-eabi/lib/armv6k/fpu/libg.a(lib_a-fwalk.o)
                0x0000000000111be4                _fwalk
 .text._fwalk_reent
                0x0000000000111c5c       0x80 /home/yuki/devkitPro/devkitARM/bin/../lib/gcc/arm-none-eabi/5.3.0/../../../../arm-none-eabi/lib/armv6k/fpu/libg.a(lib_a-fwalk.o)
                0x0000000000111c5c                _fwalk_reent
 .text.__libc_init_array
                0x0000000000111cdc       0x78 /home/yuki/devkitPro/devkitARM/bin/../lib/gcc/arm-none-eabi/5.3.0/../../../../arm-none-eabi/lib/armv6k/fpu/libg.a(lib_a-init.o)
                0x0000000000111cdc                __libc_init_array
 .text.__smakebuf_r
                0x0000000000111d54      0x160 /home/yuki/devkitPro/devkitARM/bin/../lib/gcc/arm-none-eabi/5.3.0/../../../../arm-none-eabi/lib/armv6k/fpu/libg.a(lib_a-makebuf.o)
                0x0000000000111d54                __smakebuf_r
 .text.memalign
                0x0000000000111eb4       0x20 /home/yuki/devkitPro/devkitARM/bin/../lib/gcc/arm-none-eabi/5.3.0/../../../../arm-none-eabi/lib/armv6k/fpu/libg.a(lib_a-malign.o)
                0x0000000000111eb4                memalign
 .text._memalign_r
                0x0000000000111ed4      0x15c /home/yuki/devkitPro/devkitARM/bin/../lib/gcc/arm-none-eabi/5.3.0/../../../../arm-none-eabi/lib/armv6k/fpu/libg.a(lib_a-malignr.o)
                0x0000000000111ed4                _memalign_r
 .text.malloc   0x0000000000112030       0x18 /home/yuki/devkitPro/devkitARM/bin/../lib/gcc/arm-none-eabi/5.3.0/../../../../arm-none-eabi/lib/armv6k/fpu/libg.a(lib_a-malloc.o)
                0x0000000000112030                malloc
 .text.free     0x0000000000112048       0x18 /home/yuki/devkitPro/devkitARM/bin/../lib/gcc/arm-none-eabi/5.3.0/../../../../arm-none-eabi/lib/armv6k/fpu/libg.a(lib_a-malloc.o)
                0x0000000000112048                free
 .text._malloc_r
                0x0000000000112060      0x7a8 /home/yuki/devkitPro/devkitARM/bin/../lib/gcc/arm-none-eabi/5.3.0/../../../../arm-none-eabi/lib/armv6k/fpu/libg.a(lib_a-mallocr.o)
                0x0000000000112060                _malloc_r
 .text.memcmp   0x0000000000112808       0xa8 /home/yuki/devkitPro/devkitARM/bin/../lib/gcc/arm-none-eabi/5.3.0/../../../../arm-none-eabi/lib/armv6k/fpu/libg.a(lib_a-memcmp.o)
                0x0000000000112808                memcmp
 .text.memcpy   0x00000000001128b0       0xf0 /home/yuki/devkitPro/devkitARM/bin/../lib/gcc/arm-none-eabi/5.3.0/../../../../arm-none-eabi/lib/armv6k/fpu/libg.a(lib_a-memcpy.o)
                0x00000000001128b0                memcpy
 .text.memset   0x00000000001129a0       0xf4 /home/yuki/devkitPro/devkitARM/bin/../lib/gcc/arm-none-eabi/5.3.0/../../../../arm-none-eabi/lib/armv6k/fpu/libg.a(lib_a-memset.o)
                0x00000000001129a0                memset
 .text.__malloc_lock
                0x0000000000112a94        0xc /home/yuki/devkitPro/devkitARM/bin/../lib/gcc/arm-none-eabi/5.3.0/../../../../arm-none-eabi/lib/armv6k/fpu/libg.a(lib_a-mlock.o)
                0x0000000000112a94                __malloc_lock
 .text.__malloc_unlock
                0x0000000000112aa0        0xc /home/yuki/devkitPro/devkitARM/bin/../lib/gcc/arm-none-eabi/5.3.0/../../../../arm-none-eabi/lib/armv6k/fpu/libg.a(lib_a-mlock.o)
                0x0000000000112aa0                __malloc_unlock
 .text.lflush   0x0000000000112aac       0x1c /home/yuki/devkitPro/devkitARM/bin/../lib/gcc/arm-none-eabi/5.3.0/../../../../arm-none-eabi/lib/armv6k/fpu/libg.a(lib_a-refill.o)
 .text.__srefill_r
                0x0000000000112ac8      0x1d8 /home/yuki/devkitPro/devkitARM/bin/../lib/gcc/arm-none-eabi/5.3.0/../../../../arm-none-eabi/lib/armv6k/fpu/libg.a(lib_a-refill.o)
                0x0000000000112ac8                __srefill_r
 .text.__srget_r
                0x0000000000112ca0       0x50 /home/yuki/devkitPro/devkitARM/bin/../lib/gcc/arm-none-eabi/5.3.0/../../../../arm-none-eabi/lib/armv6k/fpu/libg.a(lib_a-rget.o)
                0x0000000000112ca0                __srget_r
 .text.__sread  0x0000000000112cf0       0x30 /home/yuki/devkitPro/devkitARM/bin/../lib/gcc/arm-none-eabi/5.3.0/../../../../arm-none-eabi/lib/armv6k/fpu/libg.a(lib_a-stdio.o)
                0x0000000000112cf0                __sread
 .text.__swrite
                0x0000000000112d20       0x54 /home/yuki/devkitPro/devkitARM/bin/../lib/gcc/arm-none-eabi/5.3.0/../../../../arm-none-eabi/lib/armv6k/fpu/libg.a(lib_a-stdio.o)
                0x0000000000112d20                __swrite
 .text.__sseek  0x0000000000112d74       0x2c /home/yuki/devkitPro/devkitARM/bin/../lib/gcc/arm-none-eabi/5.3.0/../../../../arm-none-eabi/lib/armv6k/fpu/libg.a(lib_a-stdio.o)
                0x0000000000112d74                __sseek
 .text.__sclose
                0x0000000000112da0        0x8 /home/yuki/devkitPro/devkitARM/bin/../lib/gcc/arm-none-eabi/5.3.0/../../../../arm-none-eabi/lib/armv6k/fpu/libg.a(lib_a-stdio.o)
                0x0000000000112da0                __sclose
 .text.strchr   0x0000000000112da8      0x15c /home/yuki/devkitPro/devkitARM/bin/../lib/gcc/arm-none-eabi/5.3.0/../../../../arm-none-eabi/lib/armv6k/fpu/libg.a(lib_a-strchr.o)
                0x0000000000112da8                strchr
 .text.strcpy   0x0000000000112f04       0xf0 /home/yuki/devkitPro/devkitARM/bin/../lib/gcc/arm-none-eabi/5.3.0/../../../../arm-none-eabi/lib/armv6k/fpu/libg.a(lib_a-strcpy.o)
                0x0000000000112f04                strcpy
 .text.strlen   0x0000000000112ff4       0x5c /home/yuki/devkitPro/devkitARM/bin/../lib/gcc/arm-none-eabi/5.3.0/../../../../arm-none-eabi/lib/armv6k/fpu/libg.a(lib_a-strlen.o)
                0x0000000000112ff4                strlen
 .text.strncat  0x0000000000113050       0xa4 /home/yuki/devkitPro/devkitARM/bin/../lib/gcc/arm-none-eabi/5.3.0/../../../../arm-none-eabi/lib/armv6k/fpu/libg.a(lib_a-strncat.o)
                0x0000000000113050                strncat
 .text.strncmp  0x00000000001130f4      0x11c /home/yuki/devkitPro/devkitARM/bin/../lib/gcc/arm-none-eabi/5.3.0/../../../../arm-none-eabi/lib/armv6k/fpu/libg.a(lib_a-strncmp.o)
                0x00000000001130f4                strncmp
 .text.strncpy  0x0000000000113210       0xe0 /home/yuki/devkitPro/devkitARM/bin/../lib/gcc/arm-none-eabi/5.3.0/../../../../arm-none-eabi/lib/armv6k/fpu/libg.a(lib_a-strncpy.o)
                0x0000000000113210                strncpy
 .text.close    0x00000000001132f0       0x18 /home/yuki/devkitPro/devkitARM/bin/../lib/gcc/arm-none-eabi/5.3.0/../../../../arm-none-eabi/lib/armv6k/fpu/libg.a(lib_a-sysclose.o)
                0x00000000001132f0                close
 .text.__sflags
                0x0000000000113308       0xb0 /home/yuki/devkitPro/devkitARM/bin/../lib/gcc/arm-none-eabi/5.3.0/../../../../arm-none-eabi/lib/armv6k/fpu/libg.a(lib_a-flags.o)
                0x0000000000113308                __sflags
 .text.strnlen  0x00000000001133b8       0x5c /home/yuki/devkitPro/devkitARM/bin/../lib/gcc/arm-none-eabi/5.3.0/../../../../arm-none-eabi/lib/armv6k/fpu/libg.a(lib_a-strnlen.o)
                0x00000000001133b8                strnlen
 .text.strrchr  0x0000000000113414       0x44 /home/yuki/devkitPro/devkitARM/bin/../lib/gcc/arm-none-eabi/5.3.0/../../../../arm-none-eabi/lib/armv6k/fpu/libg.a(lib_a-strrchr.o)
                0x0000000000113414                strrchr
 *(.glue_7)
 .glue_7        0x0000000000113458        0x0 linker stubs
 *(.glue_7t)
 .glue_7t       0x0000000000113458        0x0 linker stubs
 *(.stub)
 *(.gnu.warning)
 *(.gnu.linkonce.t*)
                0x0000000000113458                . = ALIGN (0x4)
 *(.fini)
 .fini          0x0000000000113458        0xc /home/yuki/devkitPro/devkitARM/bin/../lib/gcc/arm-none-eabi/5.3.0/armv6k/fpu/crti.o
                0x0000000000113458                _fini
 .fini          0x0000000000113464        0xc /home/yuki/devkitPro/devkitARM/bin/../lib/gcc/arm-none-eabi/5.3.0/armv6k/fpu/crtn.o
                0x0000000000113470                . = ALIGN (0x4)

.vfp11_veneer   0x0000000000113470        0x0
 .vfp11_veneer  0x0000000000113470        0x0 linker stubs

.v4_bx          0x0000000000113470        0x0
 .v4_bx         0x0000000000113470        0x0 linker stubs

.iplt           0x0000000000113470        0x0
 .iplt          0x0000000000113470        0x0 /home/yuki/devkitPro/devkitARM/bin/../lib/gcc/arm-none-eabi/5.3.0/../../../../arm-none-eabi/lib/armv6k/fpu/3dsx_crt0.o

.rodata         0x0000000000114000      0xd20
 *(.rodata)
 .rodata        0x0000000000114000      0x1f4 vshader_rigged.shbin.o
                0x0000000000114000                vshader_rigged_shbin
                0x00000000001141f0                vshader_rigged_shbin_end
                0x00000000001141f0                vshader_rigged_shbin_size
 .rodata        0x00000000001141f4      0x124 vshader_3d.shbin.o
                0x00000000001141f4                vshader_3d_shbin
                0x0000000000114314                vshader_3d_shbin_size
                0x0000000000114314                vshader_3d_shbin_end
 .rodata        0x0000000000114318      0x124 vshader_3d_textureless.shbin.o
                0x0000000000114318                vshader_3d_textureless_shbin
                0x0000000000114438                vshader_3d_textureless_shbin_size
                0x0000000000114438                vshader_3d_textureless_shbin_end
 .rodata        0x000000000011443c      0x128 vshader_2d.shbin.o
                0x000000000011443c                vshader_2d_shbin
                0x0000000000114560                vshader_2d_shbin_size
                0x0000000000114560                vshader_2d_shbin_end
 .rodata        0x0000000000114564      0x104 deflate.o
 .rodata        0x0000000000114668       0x60 text.o
 .rodata        0x00000000001146c8       0x10 main_menu.o
 .rodata        0x00000000001146d8        0x4 /home/yuki/devkitPro/libctru/lib/libcitro3d.a(base.o)
 .rodata        0x00000000001146dc       0x10 /home/yuki/devkitPro/libctru/lib/libcitro3d.a(renderbuffer.o)
 .rodata        0x00000000001146ec       0x14 /home/yuki/devkitPro/libctru/lib/libcitro3d.a(texture.o)
 .rodata        0x0000000000114700       0x14 /home/yuki/devkitPro/libctru/lib/libctru.a(gfx.o)
 *fill*         0x0000000000114714        0x4 
 .rodata        0x0000000000114718       0x30 /home/yuki/devkitPro/libctru/lib/libctru.a(romfs_dev.o)
 .rodata        0x0000000000114748       0x24 /home/yuki/devkitPro/libctru/lib/libctru.a(shbin.o)
 .rodata        0x000000000011476c        0xc /home/yuki/devkitPro/libctru/lib/libctru.a(apt.o)
 .rodata        0x0000000000114778       0x50 /home/yuki/devkitPro/libctru/lib/libctru.a(soc_common.o)
 .rodata        0x00000000001147c8       0x30 /home/yuki/devkitPro/libctru/lib/libctru.a(sdmc_dev.o)
 .rodata        0x00000000001147f8       0x68 /home/yuki/devkitPro/devkitARM/bin/../lib/gcc/arm-none-eabi/5.3.0/../../../../arm-none-eabi/lib/armv6k/fpu/libsysbase.a(iosupport.o)
                0x00000000001147f8                dotab_stdnull
 .rodata        0x0000000000114860        0xc /home/yuki/devkitPro/devkitARM/bin/../lib/gcc/arm-none-eabi/5.3.0/../../../../arm-none-eabi/lib/armv6k/fpu/libsysbase.a(chdir.o)
                0x0000000000114860                DIRECTORY_PARENT
                0x0000000000114864                DIRECTORY_THIS
                0x0000000000114868                DIRECTORY_SEPARATOR
 *(.roda)
 *(.rodata.*)
 .rodata.str1.4
                0x000000000011486c       0x92 client.o
                                         0x94 (size before relaxing)
 *fill*         0x00000000001148fe        0x2 
 .rodata.str1.4
                0x0000000000114900       0x2d main.o
                                         0x30 (size before relaxing)
 *fill*         0x000000000011492d        0x3 
 .rodata.str1.4
                0x0000000000114930        0x9 text.o
                                          0xc (size before relaxing)
 *fill*         0x0000000000114939        0x3 
 .rodata.str1.4
                0x000000000011493c        0x3 utils.o
                                          0x4 (size before relaxing)
 .rodata.str1.4
                0x000000000011493f        0x4 sound.o
 *fill*         0x000000000011493f        0x1 
 .rodata.str1.4
                0x0000000000114940       0x3e main_menu.o
                                         0x40 (size before relaxing)
 *fill*         0x000000000011497e        0x2 
 .rodata.str1.4
                0x0000000000114980       0x2a /home/yuki/devkitPro/libctru/lib/libctru.a(romfs_dev.o)
                                         0x30 (size before relaxing)
 *fill*         0x00000000001149aa        0x2 
 .rodata.str1.4
                0x00000000001149ac       0x16 /home/yuki/devkitPro/libctru/lib/libctru.a(apt.o)
                                         0x18 (size before relaxing)
 *fill*         0x00000000001149c2        0x2 
 .rodata.str1.4
                0x00000000001149c4        0x9 /home/yuki/devkitPro/libctru/lib/libctru.a(csnd.o)
                                          0xc (size before relaxing)
 *fill*         0x00000000001149cd        0x3 
 .rodata.str1.4
                0x00000000001149d0        0x8 /home/yuki/devkitPro/libctru/lib/libctru.a(fs.o)
                                          0xc (size before relaxing)
 .rodata.str1.4
                0x00000000001149d8        0x9 /home/yuki/devkitPro/libctru/lib/libctru.a(gspgpu.o)
                                          0xc (size before relaxing)
 *fill*         0x00000000001149e1        0x3 
 .rodata.str1.4
                0x00000000001149e4       0x15 /home/yuki/devkitPro/libctru/lib/libctru.a(hid.o)
                                         0x18 (size before relaxing)
 *fill*         0x00000000001149f9        0x3 
 .rodata.str1.4
                0x00000000001149fc        0x7 /home/yuki/devkitPro/libctru/lib/libctru.a(irrst.o)
                                          0x8 (size before relaxing)
 *fill*         0x0000000000114a03        0x1 
 .rodata.str1.4
                0x0000000000114a04        0x9 /home/yuki/devkitPro/libctru/lib/libctru.a(ptmsysm.o)
                                          0xc (size before relaxing)
 *fill*         0x0000000000114a0d        0x3 
 .rodata.str1.4
                0x0000000000114a10        0x4 /home/yuki/devkitPro/libctru/lib/libctru.a(soc_bind.o)
 .rodata.str1.4
                0x0000000000114a14        0x4 /home/yuki/devkitPro/libctru/lib/libctru.a(soc_closesocket.o)
 .rodata.str1.4
                0x0000000000114a14        0x4 /home/yuki/devkitPro/libctru/lib/libctru.a(soc_fcntl.o)
 .rodata.str1.4
                0x0000000000114a14        0xe /home/yuki/devkitPro/libctru/lib/libctru.a(soc_init.o)